Archive member included to satisfy reference by file (symbol)

app/libapp.a(main.c.obj)      (--whole-archive)
zephyr/libzephyr.a(heap.c.obj)
                              (--whole-archive)
zephyr/libzephyr.a(cbprintf_packaged.c.obj)
                              (--whole-archive)
zephyr/libzephyr.a(printk.c.obj)
                              (--whole-archive)
zephyr/libzephyr.a(sem.c.obj)
                              (--whole-archive)
zephyr/libzephyr.a(thread_entry.c.obj)
                              (--whole-archive)
zephyr/libzephyr.a(cbprintf_complete.c.obj)
                              (--whole-archive)
zephyr/libzephyr.a(assert.c.obj)
                              (--whole-archive)
zephyr/libzephyr.a(dec.c.obj)
                              (--whole-archive)
zephyr/libzephyr.a(hex.c.obj)
                              (--whole-archive)
zephyr/libzephyr.a(rb.c.obj)  (--whole-archive)
zephyr/libzephyr.a(timeutil.c.obj)
                              (--whole-archive)
zephyr/libzephyr.a(bitarray.c.obj)
                              (--whole-archive)
zephyr/libzephyr.a(onoff.c.obj)
                              (--whole-archive)
zephyr/libzephyr.a(notify.c.obj)
                              (--whole-archive)
zephyr/libzephyr.a(ring_buffer.c.obj)
                              (--whole-archive)
zephyr/libzephyr.a(last_section_id.c.obj)
                              (--whole-archive)
zephyr/libzephyr.a(configs.c.obj)
                              (--whole-archive)
zephyr/libzephyr.a(mem_attr.c.obj)
                              (--whole-archive)
zephyr/libzephyr.a(tracing_none.c.obj)
                              (--whole-archive)
zephyr/libzephyr.a(banner.c.obj)
                              (--whole-archive)
zephyr/libzephyr.a(flash_map_partition_manager.c.obj)
                              (--whole-archive)
zephyr/libzephyr.a(nrf_cc3xx_platform_abort_zephyr.c.obj)
                              (--whole-archive)
zephyr/libzephyr.a(nrf_cc3xx_platform_mutex_zephyr.c.obj)
                              (--whole-archive)
zephyr/arch/common/libarch__common.a(sw_isr_common.c.obj)
                              (--whole-archive)
zephyr/arch/arch/arm/core/libarch__arm__core.a(fatal.c.obj)
                              (--whole-archive)
zephyr/arch/arch/arm/core/libarch__arm__core.a(nmi.c.obj)
                              (--whole-archive)
zephyr/arch/arch/arm/core/libarch__arm__core.a(nmi_on_reset.S.obj)
                              (--whole-archive)
zephyr/arch/arch/arm/core/libarch__arm__core.a(tls.c.obj)
                              (--whole-archive)
zephyr/arch/arch/arm/core/cortex_m/libarch__arm__core__cortex_m.a(exc_exit.c.obj)
                              (--whole-archive)
zephyr/arch/arch/arm/core/cortex_m/libarch__arm__core__cortex_m.a(fault.c.obj)
                              (--whole-archive)
zephyr/arch/arch/arm/core/cortex_m/libarch__arm__core__cortex_m.a(fault_s.S.obj)
                              (--whole-archive)
zephyr/arch/arch/arm/core/cortex_m/libarch__arm__core__cortex_m.a(fpu.c.obj)
                              (--whole-archive)
zephyr/arch/arch/arm/core/cortex_m/libarch__arm__core__cortex_m.a(reset.S.obj)
                              (--whole-archive)
zephyr/arch/arch/arm/core/cortex_m/libarch__arm__core__cortex_m.a(scb.c.obj)
                              (--whole-archive)
zephyr/arch/arch/arm/core/cortex_m/libarch__arm__core__cortex_m.a(thread_abort.c.obj)
                              (--whole-archive)
zephyr/arch/arch/arm/core/cortex_m/libarch__arm__core__cortex_m.a(vector_table.S.obj)
                              (--whole-archive)
zephyr/arch/arch/arm/core/cortex_m/libarch__arm__core__cortex_m.a(swap_helper.S.obj)
                              (--whole-archive)
zephyr/arch/arch/arm/core/cortex_m/libarch__arm__core__cortex_m.a(irq_manage.c.obj)
                              (--whole-archive)
zephyr/arch/arch/arm/core/cortex_m/libarch__arm__core__cortex_m.a(prep_c.c.obj)
                              (--whole-archive)
zephyr/arch/arch/arm/core/cortex_m/libarch__arm__core__cortex_m.a(thread.c.obj)
                              (--whole-archive)
zephyr/arch/arch/arm/core/cortex_m/libarch__arm__core__cortex_m.a(cpu_idle.c.obj)
                              (--whole-archive)
zephyr/arch/arch/arm/core/cortex_m/libarch__arm__core__cortex_m.a(irq_init.c.obj)
                              (--whole-archive)
zephyr/arch/arch/arm/core/cortex_m/libarch__arm__core__cortex_m.a(isr_wrapper.c.obj)
                              (--whole-archive)
zephyr/arch/arch/arm/core/cortex_m/libarch__arm__core__cortex_m.a(__aeabi_read_tp.S.obj)
                              (--whole-archive)
zephyr/arch/arch/arm/core/mpu/libarch__arm__core__mpu.a(arm_core_mpu.c.obj)
                              (--whole-archive)
zephyr/arch/arch/arm/core/mpu/libarch__arm__core__mpu.a(arm_mpu.c.obj)
                              (--whole-archive)
zephyr/arch/arch/arm/core/mpu/libarch__arm__core__mpu.a(arm_mpu_regions.c.obj)
[...]
Memory Configuration

Name             Origin             Length             Attributes
FLASH            0x0000000000000000 0x0000000000100000 xr
RAM              0x0000000020000000 0x0000000000040000 xw
IDT_LIST         0x00000000ffff7fff 0x0000000000008000 xw
*default*        0x0000000000000000 0xffffffffffffffff

Linker script and memory map

                0x0000000000003e54                vfprintf = __l_vfprintf
                0x0000000000000000                vfscanf = __l_vfscanf
LOAD zephyr/CMakeFiles/zephyr_final.dir/misc/empty_file.c.obj
LOAD zephyr/CMakeFiles/zephyr_final.dir/isr_tables.c.obj
LOAD zephyr/CMakeFiles/offsets.dir/./arch/arm/core/offsets/offsets.c.obj
LOAD app/libapp.a
LOAD zephyr/libzephyr.a
LOAD zephyr/arch/common/libarch__common.a
LOAD zephyr/arch/arch/arm/core/libarch__arm__core.a
LOAD zephyr/arch/arch/arm/core/cortex_m/libarch__arm__core__cortex_m.a
LOAD zephyr/arch/arch/arm/core/mpu/libarch__arm__core__mpu.a
LOAD zephyr/lib/libc/picolibc/liblib__libc__picolibc.a
LOAD zephyr/lib/libc/common/liblib__libc__common.a
LOAD zephyr/soc/soc/nrf52840/libsoc__nordic.a
LOAD zephyr/drivers/clock_control/libdrivers__clock_control.a
LOAD zephyr/drivers/console/libdrivers__console.a
LOAD zephyr/drivers/gpio/libdrivers__gpio.a
LOAD zephyr/drivers/pinctrl/libdrivers__pinctrl.a
LOAD zephyr/drivers/serial/libdrivers__serial.a
LOAD zephyr/drivers/timer/libdrivers__timer.a
LOAD modules/nrf/drivers/hw_cc3xx/lib..__nrf__drivers__hw_cc3xx.a
LOAD modules/hal_nordic/modules/hal_nordic/nrfx/libmodules__hal_nordic__nrfx.a
LOAD zephyr/kernel/libkernel.a
LOAD zephyr/arch/common/libisr_tables.a
LOAD /opt/nordic/ncs/v3.1.0/nrfxlib/crypto/nrf_cc310_platform/lib/cortex-m4/soft-float/no-interrupts/libnrf_cc310_platform_0.9.19.a
LOAD /opt/nordic/ncs/toolchains/5c0d382932/opt/zephyr-sdk/arm-zephyr-eabi/bin/../lib/gcc/../../picolibc/arm-zephyr-eabi/lib/thumb/v7e-m/nofp/libc.a
LOAD /opt/nordic/ncs/toolchains/5c0d382932/opt/zephyr-sdk/arm-zephyr-eabi/bin/../lib/gcc/arm-zephyr-eabi/12.2.0/thumb/v7e-m/nofp/libgcc.a
                0x0000000000000020                _region_min_align = 0x20

.rel.plt        0x0000000000000000        0x0
 *(SORT_BY_ALIGNMENT(.rel.plt))
                [!provide]                        PROVIDE (__rel_iplt_start = .)
 *(SORT_BY_ALIGNMENT(.rel.iplt))
 .rel.iplt      0x0000000000000000        0x0 zephyr/CMakeFiles/zephyr_final.dir/isr_tables.c.obj
                [!provide]                        PROVIDE (__rel_iplt_end = .)

.rela.plt       0x0000000000000000        0x0
 *(SORT_BY_ALIGNMENT(.rela.plt))
                [!provide]                        PROVIDE (__rela_iplt_start = .)
 *(SORT_BY_ALIGNMENT(.rela.iplt))
                [!provide]                        PROVIDE (__rela_iplt_end = .)

.rel.dyn
 *(SORT_BY_ALIGNMENT(.rel.*))

.rela.dyn
 *(SORT_BY_ALIGNMENT(.rela.*))

/DISCARD/
 *(SORT_BY_ALIGNMENT(.plt))

/DISCARD/
 *(SORT_BY_ALIGNMENT(.iplt))
                0x0000000000000000                __rom_region_start = 0x0

rom_start       0x0000000000000000      0x100
                0x0000000000000000                __rom_start_address = .
 FILL mask 0x00
                0x0000000000000000                . = (. + (0x0 - (. - __rom_start_address)))
                0x0000000000000000                . = ALIGN (0x4)
                0x0000000000000000                . = ALIGN (0x80)
                0x0000000000000000                . = ALIGN (0x100)
                0x0000000000000000                _vector_start = .
 *(SORT_BY_ALIGNMENT(.exc_vector_table))
 *(SORT_BY_ALIGNMENT(.exc_vector_table.*))
 .exc_vector_table._vector_table_section
                0x0000000000000000       0x40 zephyr/arch/arch/arm/core/cortex_m/libarch__arm__core__cortex_m.a(vector_table.S.obj)
                0x0000000000000000                _vector_table
 *(SORT_BY_ALIGNMENT(.vectors))
                0x0000000000000100                _vector_end = .
                0x0000000000000040                . = ALIGN (0x4)
 *(SORT_BY_ALIGNMENT(.gnu.linkonce.irq_vector_table*))
 .gnu.linkonce.irq_vector_table
                0x0000000000000040       0xc0 zephyr/CMakeFiles/zephyr_final.dir/isr_tables.c.obj
                0x0000000000000040                _irq_vector_table
                0x0000000000000100                _vector_end = .

text            0x0000000000000100     0x4e14
                0x0000000000000100                __text_region_start = .
 *(SORT_BY_ALIGNMENT(.text))
 *(SORT_BY_ALIGNMENT(.text.*))
 .text.main     0x0000000000000100       0x74 app/libapp.a(main.c.obj)
                0x0000000000000100                main
 .text.char_out
                0x0000000000000174        0xc zephyr/libzephyr.a(printk.c.obj)
 .text.__printk_hook_install
                0x0000000000000180        0xc zephyr/libzephyr.a(printk.c.obj)
                0x0000000000000180                __printk_hook_install
 .text.vprintk  0x000000000000018c       0x30 zephyr/libzephyr.a(printk.c.obj)
                0x000000000000018c                vprintk
 .text.z_thread_entry
                0x00000000000001bc       0x34 zephyr/libzephyr.a(thread_entry.c.obj)
                0x00000000000001bc                z_thread_entry
 .text.process_event
                0x00000000000001f0      0x21c zephyr/libzephyr.a(onoff.c.obj)
 .text.mem_attr_get_regions
                0x000000000000040c        0xc zephyr/libzephyr.a(mem_attr.c.obj)
                0x000000000000040c                mem_attr_get_regions
 .text.boot_banner
                0x0000000000000418       0x1c zephyr/libzephyr.a(banner.c.obj)
                0x0000000000000418                boot_banner
 .text.nrf_cc3xx_platform_abort_init
                0x0000000000000434        0xc zephyr/libzephyr.a(nrf_cc3xx_platform_abort_zephyr.c.obj)
                0x0000000000000434                nrf_cc3xx_platform_abort_init
 .text.mutex_free_platform
                0x0000000000000440       0x54 zephyr/libzephyr.a(nrf_cc3xx_platform_mutex_zephyr.c.obj)
 .text.mutex_lock_platform
                0x0000000000000494       0x60 zephyr/libzephyr.a(nrf_cc3xx_platform_mutex_zephyr.c.obj)
 .text.mutex_unlock_platform
                0x00000000000004f4       0x58 zephyr/libzephyr.a(nrf_cc3xx_platform_mutex_zephyr.c.obj)
 .text.mutex_init_platform
                0x000000000000054c       0x94 zephyr/libzephyr.a(nrf_cc3xx_platform_mutex_zephyr.c.obj)
 .text.nrf_cc3xx_platform_mutex_init
                0x00000000000005e0       0x2c zephyr/libzephyr.a(nrf_cc3xx_platform_mutex_zephyr.c.obj)
                0x00000000000005e0                nrf_cc3xx_platform_mutex_init
 .text.z_SysNmiOnReset
                0x000000000000060c        0x8 zephyr/arch/arch/arm/core/libarch__arm__core.a(nmi_on_reset.S.obj)
                0x000000000000060c                z_SysNmiOnReset
 .text.arch_tls_stack_setup
                0x0000000000000614       0x40 zephyr/arch/arch/arm/core/libarch__arm__core.a(tls.c.obj)
                0x0000000000000614                arch_tls_stack_setup
 .text._HandlerModeExit
                0x0000000000000654       0x20 zephyr/arch/arch/arm/core/cortex_m/libarch__arm__core__cortex_m.a(exc_exit.c.obj)
                0x0000000000000654                z_arm_exc_exit
                0x0000000000000654                z_arm_int_exit
 .text.mem_manage_fault
                0x0000000000000674       0xa0 zephyr/arch/arch/arm/core/cortex_m/libarch__arm__core__cortex_m.a(fault.c.obj)
 .text.usage_fault.constprop.0
                0x0000000000000714       0x54 zephyr/arch/arch/arm/core/cortex_m/libarch__arm__core__cortex_m.a(fault.c.obj)
 .text.bus_fault.constprop.0
                0x0000000000000768       0x6c zephyr/arch/arch/arm/core/cortex_m/libarch__arm__core__cortex_m.a(fault.c.obj)
 .text.z_arm_fault
                0x00000000000007d4      0x128 zephyr/arch/arch/arm/core/cortex_m/libarch__arm__core__cortex_m.a(fault.c.obj)
                0x00000000000007d4                z_arm_fault
 .text.z_arm_fault_init
                0x00000000000008fc       0x18 zephyr/arch/arch/arm/core/cortex_m/libarch__arm__core__cortex_m.a(fault.c.obj)
                0x00000000000008fc                z_arm_fault_init
 .text.__fault  0x0000000000000914       0x14 zephyr/arch/arch/arm/core/cortex_m/libarch__arm__core__cortex_m.a(fault_s.S.obj)
                0x0000000000000914                z_arm_bus_fault
                0x0000000000000914                z_arm_usage_fault
                0x0000000000000914                z_arm_mpu_fault
                0x0000000000000914                z_arm_exc_spurious
                0x0000000000000914                z_arm_debug_monitor
                0x0000000000000914                z_arm_hard_fault
 .text._reset_section
                0x0000000000000928       0x54 zephyr/arch/arch/arm/core/cortex_m/libarch__arm__core__cortex_m.a(reset.S.obj)
                0x0000000000000928                z_arm_reset
                0x0000000000000928                __start
 .text.z_arm_clear_arm_mpu_config
                0x000000000000097c       0x24 zephyr/arch/arch/arm/core/cortex_m/libarch__arm__core__cortex_m.a(scb.c.obj)
                0x000000000000097c                z_arm_clear_arm_mpu_config
 .text.z_arm_init_arch_hw_at_boot
                0x00000000000009a0       0x64 zephyr/arch/arch/arm/core/cortex_m/libarch__arm__core__cortex_m.a(scb.c.obj)
                0x00000000000009a0                z_arm_init_arch_hw_at_boot
 .text.z_impl_k_thread_abort
                0x0000000000000a04       0x2c zephyr/arch/arch/arm/core/cortex_m/libarch__arm__core__cortex_m.a(thread_abort.c.obj)
                0x0000000000000a04                z_impl_k_thread_abort
 .text.z_arm_pendsv
                0x0000000000000a30       0x60 zephyr/arch/arch/arm/core/cortex_m/libarch__arm__core__cortex_m.a(swap_helper.S.obj)
                0x0000000000000a30                z_arm_pendsv
 .text.z_arm_svc
                0x0000000000000a90       0x24 zephyr/arch/arch/arm/core/cortex_m/libarch__arm__core__cortex_m.a(swap_helper.S.obj)
                0x0000000000000a90                z_arm_svc
 .text.arm_irq_enable
                0x0000000000000ab4       0x1c zephyr/arch/arch/arm/core/cortex_m/libarch__arm__core__cortex_m.a(irq_manage.c.obj)
                0x0000000000000ab4                arm_irq_enable
 .text.arm_irq_is_enabled
                0x0000000000000ad0       0x1c zephyr/arch/arch/arm/core/cortex_m/libarch__arm__core__cortex_m.a(irq_manage.c.obj)
                0x0000000000000ad0                arm_irq_is_enabled
 .text.arm_irq_priority_set
                0x0000000000000aec       0x30 zephyr/arch/arch/arm/core/cortex_m/libarch__arm__core__cortex_m.a(irq_manage.c.obj)
                0x0000000000000aec                arm_irq_priority_set
 .text.relocate_vector_table
                0x0000000000000b1c       0x1c zephyr/arch/arch/arm/core/cortex_m/libarch__arm__core__cortex_m.a(prep_c.c.obj)
                0x0000000000000b1c                relocate_vector_table
 .text.z_prep_c
                0x0000000000000b38       0x28 zephyr/arch/arch/arm/core/cortex_m/libarch__arm__core__cortex_m.a(prep_c.c.obj)
                0x0000000000000b38                z_prep_c
 .text.arch_new_thread
                0x0000000000000b60       0x38 zephyr/arch/arch/arm/core/cortex_m/libarch__arm__core__cortex_m.a(thread.c.obj)
                0x0000000000000b60                arch_new_thread
 .text.z_check_thread_stack_fail
                0x0000000000000b98       0x2c zephyr/arch/arch/arm/core/cortex_m/libarch__arm__core__cortex_m.a(thread.c.obj)
                0x0000000000000b98                z_check_thread_stack_fail
 .text.arch_switch_to_main_thread
                0x0000000000000bc4       0x3c zephyr/arch/arch/arm/core/cortex_m/libarch__arm__core__cortex_m.a(thread.c.obj)
                0x0000000000000bc4                arch_switch_to_main_thread
 .text.z_arm_cpu_idle_init
                0x0000000000000c00        0xc zephyr/arch/arch/arm/core/cortex_m/libarch__arm__core__cortex_m.a(cpu_idle.c.obj)
                0x0000000000000c00                z_arm_cpu_idle_init
 .text.z_arm_interrupt_init
                0x0000000000000c0c       0x18 zephyr/arch/arch/arm/core/cortex_m/libarch__arm__core__cortex_m.a(irq_init.c.obj)
                0x0000000000000c0c                z_arm_interrupt_init
 .text._isr_wrapper
                0x0000000000000c24       0x24 zephyr/arch/arch/arm/core/cortex_m/libarch__arm__core__cortex_m.a(isr_wrapper.c.obj)
                0x0000000000000c24                _isr_wrapper
 .text.z_arm_configure_static_mpu_regions
                0x0000000000000c48       0x18 zephyr/arch/arch/arm/core/mpu/libarch__arm__core__mpu.a(arm_core_mpu.c.obj)
                0x0000000000000c48                z_arm_configure_static_mpu_regions
 .text.z_arm_configure_dynamic_mpu_regions
                0x0000000000000c60       0x20 zephyr/arch/arch/arm/core/mpu/libarch__arm__core__mpu.a(arm_core_mpu.c.obj)
                0x0000000000000c60                z_arm_configure_dynamic_mpu_regions
 .text.region_init
                0x0000000000000c80       0x28 zephyr/arch/arch/arm/core/mpu/libarch__arm__core__mpu.a(arm_mpu.c.obj)
 .text.mpu_configure_regions
                0x0000000000000ca8       0x6c zephyr/arch/arch/arm/core/mpu/libarch__arm__core__mpu.a(arm_mpu.c.obj)
 .text.arm_core_mpu_enable
                0x0000000000000d14       0x18 zephyr/arch/arch/arm/core/mpu/libarch__arm__core__mpu.a(arm_mpu.c.obj)
                0x0000000000000d14                arm_core_mpu_enable
 .text.arm_core_mpu_disable
                0x0000000000000d2c       0x14 zephyr/arch/arch/arm/core/mpu/libarch__arm__core__mpu.a(arm_mpu.c.obj)
                0x0000000000000d2c                arm_core_mpu_disable
 .text.arm_core_mpu_configure_static_mpu_regions
                0x0000000000000d40       0x14 zephyr/arch/arch/arm/core/mpu/libarch__arm__core__mpu.a(arm_mpu.c.obj)
                0x0000000000000d40                arm_core_mpu_configure_static_mpu_regions
 .text.arm_core_mpu_configure_dynamic_mpu_regions
                0x0000000000000d54       0x38 zephyr/arch/arch/arm/core/mpu/libarch__arm__core__mpu.a(arm_mpu.c.obj)
                0x0000000000000d54                arm_core_mpu_configure_dynamic_mpu_regions
 .text.z_arm_mpu_init
                0x0000000000000d8c      0x168 zephyr/arch/arch/arm/core/mpu/libarch__arm__core__mpu.a(arm_mpu.c.obj)
                0x0000000000000d8c                z_arm_mpu_init
 .text.z_impl_zephyr_fputc
                0x0000000000000ef4       0x10 zephyr/lib/libc/picolibc/liblib__libc__picolibc.a(stdio.c.obj)
                0x0000000000000ef4                z_impl_zephyr_fputc
 .text.__stdout_hook_install
                0x0000000000000f04       0x18 zephyr/lib/libc/picolibc/liblib__libc__picolibc.a(stdio.c.obj)
                0x0000000000000f04                __stdout_hook_install
 .text.malloc_prepare
                0x0000000000000f1c       0x24 zephyr/lib/libc/common/liblib__libc__common.a(malloc.c.obj)
 .text.nordicsemi_nrf52_init
                0x0000000000000f40       0x44 zephyr/soc/soc/nrf52840/libsoc__nordic.a(soc.c.obj)
 .text.arch_busy_wait
                0x0000000000000f84       0x14 zephyr/soc/soc/nrf52840/libsoc__nordic.a(soc.c.obj)
                0x0000000000000f84                arch_busy_wait
 .text.onoff_stop
                0x0000000000000f98       0x30 zephyr/drivers/clock_control/libdrivers__clock_control.a(clock_control_nrf.c.obj)
 .text.onoff_start
                0x0000000000000fc8       0x44 zephyr/drivers/clock_control/libdrivers__clock_control.a(clock_control_nrf.c.obj)
 .text.generic_hfclk_stop
                0x000000000000100c       0x34 zephyr/drivers/clock_control/libdrivers__clock_control.a(clock_control_nrf.c.obj)
 .text.clk_init
                0x0000000000001040       0x58 zephyr/drivers/clock_control/libdrivers__clock_control.a(clock_control_nrf.c.obj)
 .text.api_blocking_start
                0x0000000000001098       0x34 zephyr/drivers/clock_control/libdrivers__clock_control.a(clock_control_nrf.c.obj)
 .text.clkstarted_handle.constprop.0
                0x00000000000010cc       0x4c zephyr/drivers/clock_control/libdrivers__clock_control.a(clock_control_nrf.c.obj)
 .text.generic_hfclk_start
                0x0000000000001118       0x78 zephyr/drivers/clock_control/libdrivers__clock_control.a(clock_control_nrf.c.obj)
 .text.clock_event_handler
                0x0000000000001190       0x1c zephyr/drivers/clock_control/libdrivers__clock_control.a(clock_control_nrf.c.obj)
 .text.z_nrf_clock_control_lf_on
                0x00000000000011ac       0xfc zephyr/drivers/clock_control/libdrivers__clock_control.a(clock_control_nrf.c.obj)
                0x00000000000011ac                z_nrf_clock_control_lf_on
 .text.uart_console_init
                0x00000000000012a8       0x28 zephyr/drivers/console/libdrivers__console.a(uart_console.c.obj)
 .text.console_out
                0x00000000000012d0       0x28 zephyr/drivers/console/libdrivers__console.a(uart_console.c.obj)
 .text.gpio_nrfx_pin_interrupt_configure
                0x00000000000012f8      0x11c zephyr/drivers/gpio/libdrivers__gpio.a(gpio_nrfx.c.obj)
 .text.nrfx_gpio_handler
                0x0000000000001414       0x4c zephyr/drivers/gpio/libdrivers__gpio.a(gpio_nrfx.c.obj)
 .text.gpio_nrfx_init
                0x0000000000001460       0x48 zephyr/drivers/gpio/libdrivers__gpio.a(gpio_nrfx.c.obj)
 .text.gpio_nrfx_pin_configure
                0x00000000000014a8      0x18c zephyr/drivers/gpio/libdrivers__gpio.a(gpio_nrfx.c.obj)
 .text.nrf_gpio_pin_port_decode
                0x0000000000001634       0x20 zephyr/drivers/pinctrl/libdrivers__pinctrl.a(pinctrl_nrf.c.obj)
 .text.pinctrl_configure_pins
                0x0000000000001654      0x1a4 zephyr/drivers/pinctrl/libdrivers__pinctrl.a(pinctrl_nrf.c.obj)
                0x0000000000001654                pinctrl_configure_pins
 .text.uarte_nrfx_poll_out
                0x00000000000017f8       0xb4 zephyr/drivers/serial/libdrivers__serial.a(uart_nrfx_uarte.c.obj)
 .text.uarte_0_init
                0x00000000000018ac      0x108 zephyr/drivers/serial/libdrivers__serial.a(uart_nrfx_uarte.c.obj)
 .text.compare_int_lock
                0x00000000000019b4       0x48 zephyr/drivers/timer/libdrivers__timer.a(nrf_rtc_timer.c.obj)
 .text.sys_clock_timeout_handler
                0x00000000000019fc       0x48 zephyr/drivers/timer/libdrivers__timer.a(nrf_rtc_timer.c.obj)
 .text.compare_int_unlock
                0x0000000000001a44       0x5c zephyr/drivers/timer/libdrivers__timer.a(nrf_rtc_timer.c.obj)
 .text.z_nrf_rtc_timer_read
                0x0000000000001aa0       0x44 zephyr/drivers/timer/libdrivers__timer.a(nrf_rtc_timer.c.obj)
                0x0000000000001aa0                z_nrf_rtc_timer_read
 .text.compare_set
                0x0000000000001ae4      0x130 zephyr/drivers/timer/libdrivers__timer.a(nrf_rtc_timer.c.obj)
 .text.sys_clock_driver_init
                0x0000000000001c14       0x90 zephyr/drivers/timer/libdrivers__timer.a(nrf_rtc_timer.c.obj)
 .text.rtc_nrf_isr
                0x0000000000001ca4       0xd4 zephyr/drivers/timer/libdrivers__timer.a(nrf_rtc_timer.c.obj)
                0x0000000000001ca4                rtc_nrf_isr
 .text.sys_clock_set_timeout
                0x0000000000001d78       0x5c zephyr/drivers/timer/libdrivers__timer.a(nrf_rtc_timer.c.obj)
                0x0000000000001d78                sys_clock_set_timeout
 .text.sys_clock_elapsed
                0x0000000000001dd4       0x14 zephyr/drivers/timer/libdrivers__timer.a(nrf_rtc_timer.c.obj)
                0x0000000000001dd4                sys_clock_elapsed
 .text.nrf52_errata_98
                0x0000000000001de8       0x24 modules/hal_nordic/modules/hal_nordic/nrfx/libmodules__hal_nordic__nrfx.a(system_nrf52840.c.obj)
 .text.nvmc_wait
                0x0000000000001e0c       0x10 modules/hal_nordic/modules/hal_nordic/nrfx/libmodules__hal_nordic__nrfx.a(system_nrf52840.c.obj)
                0x0000000000001e0c                nvmc_wait
 .text.SystemInit
                0x0000000000001e1c      0x1bc modules/hal_nordic/modules/hal_nordic/nrfx/libmodules__hal_nordic__nrfx.a(system_nrf52840.c.obj)
                0x0000000000001e1c                SystemInit
 .text.nrfx_flag32_alloc
                0x0000000000001fd8       0x48 modules/hal_nordic/modules/hal_nordic/nrfx/libmodules__hal_nordic__nrfx.a(nrfx_flag32_allocator.c.obj)
                0x0000000000001fd8                nrfx_flag32_alloc
 .text.nrfx_flag32_free
                0x0000000000002020       0x40 modules/hal_nordic/modules/hal_nordic/nrfx/libmodules__hal_nordic__nrfx.a(nrfx_flag32_allocator.c.obj)
                0x0000000000002020                nrfx_flag32_free
 .text.nrfx_gppi_channels_enable
                0x0000000000002060        0xc modules/hal_nordic/modules/hal_nordic/nrfx/libmodules__hal_nordic__nrfx.a(nrfx_gppi_ppi.c.obj)
                0x0000000000002060                nrfx_gppi_channels_enable
 .text.clock_stop
                0x000000000000206c       0xc4 modules/hal_nordic/modules/hal_nordic/nrfx/libmodules__hal_nordic__nrfx.a(nrfx_clock.c.obj)
 .text.nrfx_clock_init
                0x0000000000002130       0x20 modules/hal_nordic/modules/hal_nordic/nrfx/libmodules__hal_nordic__nrfx.a(nrfx_clock.c.obj)
                0x0000000000002130                nrfx_clock_init
 .text.nrfx_clock_enable
                0x0000000000002150       0x24 modules/hal_nordic/modules/hal_nordic/nrfx/libmodules__hal_nordic__nrfx.a(nrfx_clock.c.obj)
                0x0000000000002150                nrfx_clock_enable
 .text.nrfx_clock_start
                0x0000000000002174       0xa8 modules/hal_nordic/modules/hal_nordic/nrfx/libmodules__hal_nordic__nrfx.a(nrfx_clock.c.obj)
                0x0000000000002174                nrfx_clock_start
 .text.nrfx_power_clock_irq_handler
                0x000000000000221c       0x7c modules/hal_nordic/modules/hal_nordic/nrfx/libmodules__hal_nordic__nrfx.a(nrfx_clock.c.obj)
                0x000000000000221c                nrfx_power_clock_irq_handler
 .text.nrf_gpio_pin_port_decode
                0x0000000000002298       0x20 modules/hal_nordic/modules/hal_nordic/nrfx/libmodules__hal_nordic__nrfx.a(nrfx_gpiote.c.obj)
 .text.get_pin_idx
                0x00000000000022b8       0x14 modules/hal_nordic/modules/hal_nordic/nrfx/libmodules__hal_nordic__nrfx.a(nrfx_gpiote.c.obj)
 .text.call_handler.constprop.0
                0x00000000000022cc       0x40 modules/hal_nordic/modules/hal_nordic/nrfx/libmodules__hal_nordic__nrfx.a(nrfx_gpiote.c.obj)
 .text.pin_te_get.constprop.0
                0x000000000000230c       0x18 modules/hal_nordic/modules/hal_nordic/nrfx/libmodules__hal_nordic__nrfx.a(nrfx_gpiote.c.obj)
 .text.pin_is_output.constprop.0
                0x0000000000002324       0x18 modules/hal_nordic/modules/hal_nordic/nrfx/libmodules__hal_nordic__nrfx.a(nrfx_gpiote.c.obj)
 .text.pin_in_use_by_te.constprop.0
                0x000000000000233c       0x18 modules/hal_nordic/modules/hal_nordic/nrfx/libmodules__hal_nordic__nrfx.a(nrfx_gpiote.c.obj)
 .text.latch_pending_read_and_check
                0x0000000000002354       0x40 modules/hal_nordic/modules/hal_nordic/nrfx/libmodules__hal_nordic__nrfx.a(nrfx_gpiote.c.obj)
 .text.release_handler.isra.0
                0x0000000000002394       0x58 modules/hal_nordic/modules/hal_nordic/nrfx/libmodules__hal_nordic__nrfx.a(nrfx_gpiote.c.obj)
 .text.__nrfy_internal_gpiote_events_process.constprop.0
                0x00000000000023ec       0x5c modules/hal_nordic/modules/hal_nordic/nrfx/libmodules__hal_nordic__nrfx.a(nrfx_gpiote.c.obj)
 .text.pin_uninit
                0x0000000000002448       0x80 modules/hal_nordic/modules/hal_nordic/nrfx/libmodules__hal_nordic__nrfx.a(nrfx_gpiote.c.obj)
 .text.nrfx_gpiote_input_configure
                0x00000000000024c8      0x178 modules/hal_nordic/modules/hal_nordic/nrfx/libmodules__hal_nordic__nrfx.a(nrfx_gpiote.c.obj)
                0x00000000000024c8                nrfx_gpiote_input_configure
 .text.nrfx_gpiote_output_configure
                0x0000000000002640       0xfc modules/hal_nordic/modules/hal_nordic/nrfx/libmodules__hal_nordic__nrfx.a(nrfx_gpiote.c.obj)
                0x0000000000002640                nrfx_gpiote_output_configure
 .text.nrfx_gpiote_global_callback_set
                0x000000000000273c        0xc modules/hal_nordic/modules/hal_nordic/nrfx/libmodules__hal_nordic__nrfx.a(nrfx_gpiote.c.obj)
                0x000000000000273c                nrfx_gpiote_global_callback_set
 .text.nrfx_gpiote_channel_get
                0x0000000000002748       0x34 modules/hal_nordic/modules/hal_nordic/nrfx/libmodules__hal_nordic__nrfx.a(nrfx_gpiote.c.obj)
                0x0000000000002748                nrfx_gpiote_channel_get
 .text.nrfx_gpiote_init
                0x000000000000277c       0x48 modules/hal_nordic/modules/hal_nordic/nrfx/libmodules__hal_nordic__nrfx.a(nrfx_gpiote.c.obj)
                0x000000000000277c                nrfx_gpiote_init
 .text.nrfx_gpiote_init_check
                0x00000000000027c4       0x14 modules/hal_nordic/modules/hal_nordic/nrfx/libmodules__hal_nordic__nrfx.a(nrfx_gpiote.c.obj)
                0x00000000000027c4                nrfx_gpiote_init_check
 .text.nrfx_gpiote_channel_free
                0x00000000000027d8       0x10 modules/hal_nordic/modules/hal_nordic/nrfx/libmodules__hal_nordic__nrfx.a(nrfx_gpiote.c.obj)
                0x00000000000027d8                nrfx_gpiote_channel_free
 .text.nrfx_gpiote_channel_alloc
                0x00000000000027e8       0x10 modules/hal_nordic/modules/hal_nordic/nrfx/libmodules__hal_nordic__nrfx.a(nrfx_gpiote.c.obj)
                0x00000000000027e8                nrfx_gpiote_channel_alloc
 .text.nrfx_gpiote_trigger_enable
                0x00000000000027f8       0xa8 modules/hal_nordic/modules/hal_nordic/nrfx/libmodules__hal_nordic__nrfx.a(nrfx_gpiote.c.obj)
                0x00000000000027f8                nrfx_gpiote_trigger_enable
 .text.nrfx_gpiote_0_irq_handler
                0x00000000000028a0      0x1b0 modules/hal_nordic/modules/hal_nordic/nrfx/libmodules__hal_nordic__nrfx.a(nrfx_gpiote.c.obj)
                0x00000000000028a0                nrfx_gpiote_0_irq_handler
 .text.nrfx_ppi_channel_alloc
                0x0000000000002a50        0xc modules/hal_nordic/modules/hal_nordic/nrfx/libmodules__hal_nordic__nrfx.a(nrfx_ppi.c.obj)
                0x0000000000002a50                nrfx_ppi_channel_alloc
 .text.z_fatal_error
                0x0000000000002a5c       0x30 zephyr/kernel/libkernel.a(fatal.c.obj)
                0x0000000000002a5c                z_fatal_error
 .text.z_sys_init_run_level
                0x0000000000002a8c       0x30 zephyr/kernel/libkernel.a(init.c.obj)
 .text.bg_thread_main
                0x0000000000002abc       0xc0 zephyr/kernel/libkernel.a(init.c.obj)
 .text.z_bss_zero
                0x0000000000002b7c       0x18 zephyr/kernel/libkernel.a(init.c.obj)
                0x0000000000002b7c                z_bss_zero
 .text.z_init_cpu
                0x0000000000002b94       0x70 zephyr/kernel/libkernel.a(init.c.obj)
                0x0000000000002b94                z_init_cpu
 .text.z_cstart
                0x0000000000002c04       0xd0 zephyr/kernel/libkernel.a(init.c.obj)
                0x0000000000002c04                z_cstart
 .text.init_mem_slab_obj_core_list
                0x0000000000002cd4       0x24 zephyr/kernel/libkernel.a(mem_slab.c.obj)
 .text.k_mem_slab_alloc
                0x0000000000002cf8       0x5c zephyr/kernel/libkernel.a(mem_slab.c.obj)
                0x0000000000002cf8                k_mem_slab_alloc
 .text.z_impl_k_mutex_lock
                0x0000000000002d54       0xf0 zephyr/kernel/libkernel.a(mutex.c.obj)
                0x0000000000002d54                z_impl_k_mutex_lock
 .text.z_impl_k_mutex_unlock
                0x0000000000002e44       0xa0 zephyr/kernel/libkernel.a(mutex.c.obj)
                0x0000000000002e44                z_impl_k_mutex_unlock
 .text.z_impl_k_sem_give
                0x0000000000002ee4       0x68 zephyr/kernel/libkernel.a(sem.c.obj)
                0x0000000000002ee4                z_impl_k_sem_give
 .text.z_impl_k_sem_take
                0x0000000000002f4c       0x4c zephyr/kernel/libkernel.a(sem.c.obj)
                0x0000000000002f4c                z_impl_k_sem_take
 .text.z_setup_new_thread
                0x0000000000002f98       0x98 zephyr/kernel/libkernel.a(thread.c.obj)
                0x0000000000002f98                z_setup_new_thread
 .text.z_dummy_thread_init
                0x0000000000003030       0x18 zephyr/kernel/libkernel.a(thread.c.obj)
                0x0000000000003030                z_dummy_thread_init
 .text.z_swap_irqlock
                0x0000000000003048       0x30 zephyr/kernel/libkernel.a(sched.c.obj)
 .text.ready_thread
                0x0000000000003078       0x84 zephyr/kernel/libkernel.a(sched.c.obj)
 .text.unready_thread
                0x00000000000030fc       0x54 zephyr/kernel/libkernel.a(sched.c.obj)
 .text.add_thread_timeout
                0x0000000000003150       0x1c zephyr/kernel/libkernel.a(sched.c.obj)
 .text.move_thread_to_end_of_prio_q
                0x000000000000316c       0x90 zephyr/kernel/libkernel.a(sched.c.obj)
                0x000000000000316c                move_thread_to_end_of_prio_q
 .text.z_pend_curr
                0x00000000000031fc       0x44 zephyr/kernel/libkernel.a(sched.c.obj)
                0x00000000000031fc                z_pend_curr
 .text.z_thread_prio_set
                0x0000000000003240       0xe4 zephyr/kernel/libkernel.a(sched.c.obj)
                0x0000000000003240                z_thread_prio_set
 .text.z_reschedule
                0x0000000000003324       0x24 zephyr/kernel/libkernel.a(sched.c.obj)
                0x0000000000003324                z_reschedule
 .text.z_reschedule_irqlock
                0x0000000000003348       0x28 zephyr/kernel/libkernel.a(sched.c.obj)
                0x0000000000003348                z_reschedule_irqlock
 .text.k_sched_lock
                0x0000000000003370       0x28 zephyr/kernel/libkernel.a(sched.c.obj)
                0x0000000000003370                k_sched_lock
 .text.k_sched_unlock
                0x0000000000003398       0x68 zephyr/kernel/libkernel.a(sched.c.obj)
                0x0000000000003398                k_sched_unlock
 .text.z_sched_init
                0x0000000000003400       0x10 zephyr/kernel/libkernel.a(sched.c.obj)
                0x0000000000003400                z_sched_init
 .text.z_impl_k_yield
                0x0000000000003410       0x88 zephyr/kernel/libkernel.a(sched.c.obj)
                0x0000000000003410                z_impl_k_yield
 .text.z_tick_sleep
                0x0000000000003498       0x78 zephyr/kernel/libkernel.a(sched.c.obj)
 .text.z_impl_k_wakeup
                0x0000000000003510       0x48 zephyr/kernel/libkernel.a(sched.c.obj)
                0x0000000000003510                z_impl_k_wakeup
 .text.z_impl_k_sched_current_thread_query
                0x0000000000003558        0xc zephyr/kernel/libkernel.a(sched.c.obj)
                0x0000000000003558                z_impl_k_sched_current_thread_query
 .text.z_thread_abort
                0x0000000000003564      0x138 zephyr/kernel/libkernel.a(sched.c.obj)
                0x0000000000003564                z_thread_abort
 .text.slice_timeout
                0x000000000000369c       0x20 zephyr/kernel/libkernel.a(timeslicing.c.obj)
 .text.thread_is_sliceable
                0x00000000000036bc       0x3c zephyr/kernel/libkernel.a(timeslicing.c.obj)
                0x00000000000036bc                thread_is_sliceable
 .text.z_reset_time_slice
                0x00000000000036f8       0x50 zephyr/kernel/libkernel.a(timeslicing.c.obj)
                0x00000000000036f8                z_reset_time_slice
 .text.z_time_slice
                0x0000000000003748       0x60 zephyr/kernel/libkernel.a(timeslicing.c.obj)
                0x0000000000003748                z_time_slice
 .text.z_data_copy
                0x00000000000037a8       0x38 zephyr/kernel/libkernel.a(xip.c.obj)
                0x00000000000037a8                z_data_copy
 .text.first    0x00000000000037e0       0x10 zephyr/kernel/libkernel.a(timeout.c.obj)
 .text.elapsed  0x00000000000037f0       0x14 zephyr/kernel/libkernel.a(timeout.c.obj)
 .text.remove_timeout
                0x0000000000003804       0x38 zephyr/kernel/libkernel.a(timeout.c.obj)
 .text.z_add_timeout
                0x000000000000383c      0x124 zephyr/kernel/libkernel.a(timeout.c.obj)
                0x000000000000383c                z_add_timeout
 .text.sys_clock_announce
                0x0000000000003960       0xc0 zephyr/kernel/libkernel.a(timeout.c.obj)
                0x0000000000003960                sys_clock_announce
 .text.sys_clock_tick_get
                0x0000000000003a20       0x30 zephyr/kernel/libkernel.a(timeout.c.obj)
                0x0000000000003a20                sys_clock_tick_get
 .text.nrf_cc3xx_platform_init_no_rng
                0x0000000000003a50       0x38 /opt/nordic/ncs/v3.1.0/nrfxlib/crypto/nrf_cc310_platform/lib/cortex-m4/soft-float/no-interrupts/libnrf_cc310_platform_0.9.19.a(nrf_cc3xx_platform.c.obj)
                0x0000000000003a50                nrf_cc3xx_platform_init_no_rng
 .text.nrf_cc3xx_platform_abort
                0x0000000000003a88       0x24 /opt/nordic/ncs/v3.1.0/nrfxlib/crypto/nrf_cc310_platform/lib/cortex-m4/soft-float/no-interrupts/libnrf_cc310_platform_0.9.19.a(nrf_cc3xx_platform_abort.c.obj)
 .text.CC_PalAbort
                0x0000000000003aac       0x34 /opt/nordic/ncs/v3.1.0/nrfxlib/crypto/nrf_cc310_platform/lib/cortex-m4/soft-float/no-interrupts/libnrf_cc310_platform_0.9.19.a(nrf_cc3xx_platform_abort.c.obj)
                0x0000000000003aac                CC_PalAbort
 .text.nrf_cc3xx_platform_set_abort
                0x0000000000003ae0       0x10 /opt/nordic/ncs/v3.1.0/nrfxlib/crypto/nrf_cc310_platform/lib/cortex-m4/soft-float/no-interrupts/libnrf_cc310_platform_0.9.19.a(nrf_cc3xx_platform_abort.c.obj)
                0x0000000000003ae0                nrf_cc3xx_platform_set_abort
 .text.mutex_free
                0x0000000000003af0       0x34 /opt/nordic/ncs/v3.1.0/nrfxlib/crypto/nrf_cc310_platform/lib/cortex-m4/soft-float/no-interrupts/libnrf_cc310_platform_0.9.19.a(nrf_cc3xx_platform_mutex.c.obj)
 .text.mutex_lock
                0x0000000000003b24       0x48 /opt/nordic/ncs/v3.1.0/nrfxlib/crypto/nrf_cc310_platform/lib/cortex-m4/soft-float/no-interrupts/libnrf_cc310_platform_0.9.19.a(nrf_cc3xx_platform_mutex.c.obj)
 .text.mutex_unlock
                0x0000000000003b6c       0x38 /opt/nordic/ncs/v3.1.0/nrfxlib/crypto/nrf_cc310_platform/lib/cortex-m4/soft-float/no-interrupts/libnrf_cc310_platform_0.9.19.a(nrf_cc3xx_platform_mutex.c.obj)
 .text.mutex_init
                0x0000000000003ba4       0x20 /opt/nordic/ncs/v3.1.0/nrfxlib/crypto/nrf_cc310_platform/lib/cortex-m4/soft-float/no-interrupts/libnrf_cc310_platform_0.9.19.a(nrf_cc3xx_platform_mutex.c.obj)
 .text.nrf_cc3xx_platform_set_mutexes
                0x0000000000003bc4       0x74 /opt/nordic/ncs/v3.1.0/nrfxlib/crypto/nrf_cc310_platform/lib/cortex-m4/soft-float/no-interrupts/libnrf_cc310_platform_0.9.19.a(nrf_cc3xx_platform_mutex.c.obj)
                0x0000000000003bc4                nrf_cc3xx_platform_set_mutexes
 .text.CC_LibInitNoRng
                0x0000000000003c38       0x64 /opt/nordic/ncs/v3.1.0/nrfxlib/crypto/nrf_cc310_platform/lib/cortex-m4/soft-float/no-interrupts/libnrf_cc310_platform_0.9.19.a(cc_lib.c.obj)
                0x0000000000003c38                CC_LibInitNoRng
 .text.CC_HalInit
                0x0000000000003c9c        0x4 /opt/nordic/ncs/v3.1.0/nrfxlib/crypto/nrf_cc310_platform/lib/cortex-m4/soft-float/no-interrupts/libnrf_cc310_platform_0.9.19.a(cc_hal.c.obj)
                0x0000000000003c9c                CC_HalInit
 .text.CC_HalTerminate
                0x0000000000003ca0        0x4 /opt/nordic/ncs/v3.1.0/nrfxlib/crypto/nrf_cc310_platform/lib/cortex-m4/soft-float/no-interrupts/libnrf_cc310_platform_0.9.19.a(cc_hal.c.obj)
                0x0000000000003ca0                CC_HalTerminate
 .text.CC_HalMaskInterrupt
                0x0000000000003ca4        0xc /opt/nordic/ncs/v3.1.0/nrfxlib/crypto/nrf_cc310_platform/lib/cortex-m4/soft-float/no-interrupts/libnrf_cc310_platform_0.9.19.a(cc_hal.c.obj)
                0x0000000000003ca4                CC_HalMaskInterrupt
 .text.CC_PalInit
                0x0000000000003cb0       0x5c /opt/nordic/ncs/v3.1.0/nrfxlib/crypto/nrf_cc310_platform/lib/cortex-m4/soft-float/no-interrupts/libnrf_cc310_platform_0.9.19.a(cc_pal.c.obj)
                0x0000000000003cb0                CC_PalInit
 .text.CC_PalTerminate
                0x0000000000003d0c       0x34 /opt/nordic/ncs/v3.1.0/nrfxlib/crypto/nrf_cc310_platform/lib/cortex-m4/soft-float/no-interrupts/libnrf_cc310_platform_0.9.19.a(cc_pal.c.obj)
                0x0000000000003d0c                CC_PalTerminate
 .text.CC_PalDmaInit
                0x0000000000003d40        0x4 /opt/nordic/ncs/v3.1.0/nrfxlib/crypto/nrf_cc310_platform/lib/cortex-m4/soft-float/no-interrupts/libnrf_cc310_platform_0.9.19.a(cc_pal_dma.c.obj)
                0x0000000000003d40                CC_PalDmaInit
 .text.CC_PalDmaTerminate
                0x0000000000003d44        0x4 /opt/nordic/ncs/v3.1.0/nrfxlib/crypto/nrf_cc310_platform/lib/cortex-m4/soft-float/no-interrupts/libnrf_cc310_platform_0.9.19.a(cc_pal_dma.c.obj)
                0x0000000000003d44                CC_PalDmaTerminate
 .text.CC_PalMutexCreate
                0x0000000000003d48       0x14 /opt/nordic/ncs/v3.1.0/nrfxlib/crypto/nrf_cc310_platform/lib/cortex-m4/soft-float/no-interrupts/libnrf_cc310_platform_0.9.19.a(cc_pal_mutex.c.obj)
                0x0000000000003d48                CC_PalMutexCreate
 .text.CC_PalMutexDestroy
                0x0000000000003d5c       0x14 /opt/nordic/ncs/v3.1.0/nrfxlib/crypto/nrf_cc310_platform/lib/cortex-m4/soft-float/no-interrupts/libnrf_cc310_platform_0.9.19.a(cc_pal_mutex.c.obj)
                0x0000000000003d5c                CC_PalMutexDestroy
 .text.CC_PalPowerSaveModeInit
                0x0000000000003d70       0x3c /opt/nordic/ncs/v3.1.0/nrfxlib/crypto/nrf_cc310_platform/lib/cortex-m4/soft-float/no-interrupts/libnrf_cc310_platform_0.9.19.a(cc_pal_pm.c.obj)
                0x0000000000003d70                CC_PalPowerSaveModeInit
 .text.CC_PalPowerSaveModeSelect
                0x0000000000003dac       0x84 /opt/nordic/ncs/v3.1.0/nrfxlib/crypto/nrf_cc310_platform/lib/cortex-m4/soft-float/no-interrupts/libnrf_cc310_platform_0.9.19.a(cc_pal_pm.c.obj)
                0x0000000000003dac                CC_PalPowerSaveModeSelect
 .text.printf   0x0000000000003e30       0x24 /opt/nordic/ncs/toolchains/5c0d382932/opt/zephyr-sdk/arm-zephyr-eabi/bin/../lib/gcc/../../picolibc/arm-zephyr-eabi/lib/thumb/v7e-m/nofp/libc.a(libc_tinystdio_printf.c.o)
                0x0000000000003e30                printf
 .text.__l_vfprintf
                0x0000000000003e54      0x4b8 /opt/nordic/ncs/toolchains/5c0d382932/opt/zephyr-sdk/arm-zephyr-eabi/bin/../lib/gcc/../../picolibc/arm-zephyr-eabi/lib/thumb/v7e-m/nofp/libc.a(libc_tinystdio_vflprintf.c.o)
                0x0000000000003e54                __l_vfprintf
 .text._OffsetAbsSyms
                0x000000000000430c        0x2 zephyr/CMakeFiles/offsets.dir/./arch/arm/core/offsets/offsets.c.obj
                0x000000000000430c                _OffsetAbsSyms
 .text.chunk_field
                0x000000000000430e       0x16 zephyr/libzephyr.a(heap.c.obj)
 .text.chunk_set
                0x0000000000004324       0x16 zephyr/libzephyr.a(heap.c.obj)
 .text.chunk_size
                0x000000000000433a        0xc zephyr/libzephyr.a(heap.c.obj)
 .text.set_chunk_used
                0x0000000000004346       0x30 zephyr/libzephyr.a(heap.c.obj)
 .text.set_chunk_size
                0x0000000000004376        0x8 zephyr/libzephyr.a(heap.c.obj)
 .text.bucket_idx.isra.0
                0x000000000000437e       0x1c zephyr/libzephyr.a(heap.c.obj)
 .text.free_list_add
                0x000000000000439a       0x84 zephyr/libzephyr.a(heap.c.obj)
 .text.sys_heap_init
                0x000000000000441e       0xb0 zephyr/libzephyr.a(heap.c.obj)
                0x000000000000441e                sys_heap_init
 .text.arch_printk_char_out
                0x00000000000044ce        0x4 zephyr/libzephyr.a(printk.c.obj)
                0x00000000000044ce                arch_printk_char_out
 .text.printk   0x00000000000044d2       0x1a zephyr/libzephyr.a(printk.c.obj)
                0x00000000000044d2                printk
 .text.process_recheck
                0x00000000000044ec       0x38 zephyr/libzephyr.a(onoff.c.obj)
 .text.validate_args
                0x0000000000004524       0x20 zephyr/libzephyr.a(onoff.c.obj)
 .text.notify_one
                0x0000000000004544       0x2c zephyr/libzephyr.a(onoff.c.obj)
 .text.transition_complete
                0x0000000000004570       0x1a zephyr/libzephyr.a(onoff.c.obj)
 .text.onoff_manager_init
                0x000000000000458a       0x26 zephyr/libzephyr.a(onoff.c.obj)
                0x000000000000458a                onoff_manager_init
 .text.onoff_request
                0x00000000000045b0       0xae zephyr/libzephyr.a(onoff.c.obj)
                0x00000000000045b0                onoff_request
 .text.sys_notify_validate
                0x000000000000465e       0x22 zephyr/libzephyr.a(notify.c.obj)
                0x000000000000465e                sys_notify_validate
 .text.sys_notify_finalize
                0x0000000000004680       0x1a zephyr/libzephyr.a(notify.c.obj)
                0x0000000000004680                sys_notify_finalize
 .text._ConfigAbsSyms
                0x000000000000469a        0x2 zephyr/libzephyr.a(configs.c.obj)
                0x000000000000469a                _ConfigAbsSyms
 .text.abort_function
                0x000000000000469c        0x2 zephyr/libzephyr.a(nrf_cc3xx_platform_abort_zephyr.c.obj)
 .text.z_arm_fatal_error
                0x000000000000469e        0xc zephyr/arch/arch/arm/core/libarch__arm__core.a(fatal.c.obj)
                0x000000000000469e                z_arm_fatal_error
 .text.z_do_kernel_oops
                0x00000000000046aa        0x8 zephyr/arch/arch/arm/core/libarch__arm__core.a(fatal.c.obj)
                0x00000000000046aa                z_do_kernel_oops
 .text.z_arm_nmi
                0x00000000000046b2        0xe zephyr/arch/arch/arm/core/libarch__arm__core.a(nmi.c.obj)
                0x00000000000046b2                z_arm_nmi
 .text.z_irq_spurious
                0x00000000000046c0        0x8 zephyr/arch/arch/arm/core/cortex_m/libarch__arm__core__cortex_m.a(irq_manage.c.obj)
                0x00000000000046c0                z_irq_spurious
 .text.arch_irq_unlock_outlined
                0x00000000000046c8        0xe zephyr/arch/arch/arm/core/cortex_m/libarch__arm__core__cortex_m.a(thread.c.obj)
                0x00000000000046c8                arch_irq_unlock_outlined
 .text.arch_cpu_idle
                0x00000000000046d6       0x1a zephyr/arch/arch/arm/core/cortex_m/libarch__arm__core__cortex_m.a(cpu_idle.c.obj)
                0x00000000000046d6                arch_cpu_idle
 .text.arch_cpu_atomic_idle
                0x00000000000046f0       0x1e zephyr/arch/arch/arm/core/cortex_m/libarch__arm__core__cortex_m.a(cpu_idle.c.obj)
                0x00000000000046f0                arch_cpu_atomic_idle
 .text.size_to_mpu_rasr_size
                0x000000000000470e       0x20 zephyr/arch/arch/arm/core/mpu/libarch__arm__core__mpu.a(arm_mpu.c.obj)
 .text.picolibc_put
                0x000000000000472e        0xa zephyr/lib/libc/picolibc/liblib__libc__picolibc.a(stdio.c.obj)
 .text.get_status
                0x0000000000004738       0x12 zephyr/drivers/clock_control/libdrivers__clock_control.a(clock_control_nrf.c.obj)
 .text.stop     0x000000000000474a       0x52 zephyr/drivers/clock_control/libdrivers__clock_control.a(clock_control_nrf.c.obj)
 .text.api_stop
                0x000000000000479c        0x6 zephyr/drivers/clock_control/libdrivers__clock_control.a(clock_control_nrf.c.obj)
 .text.async_start
                0x00000000000047a2       0x5c zephyr/drivers/clock_control/libdrivers__clock_control.a(clock_control_nrf.c.obj)
 .text.api_start
                0x00000000000047fe        0xe zephyr/drivers/clock_control/libdrivers__clock_control.a(clock_control_nrf.c.obj)
 .text.onoff_started_callback
                0x000000000000480c       0x12 zephyr/drivers/clock_control/libdrivers__clock_control.a(clock_control_nrf.c.obj)
 .text.lfclk_start
                0x000000000000481e        0x6 zephyr/drivers/clock_control/libdrivers__clock_control.a(clock_control_nrf.c.obj)
 .text.lfclk_stop
                0x0000000000004824        0x6 zephyr/drivers/clock_control/libdrivers__clock_control.a(clock_control_nrf.c.obj)
 .text.blocking_start_callback
                0x000000000000482a        0x6 zephyr/drivers/clock_control/libdrivers__clock_control.a(clock_control_nrf.c.obj)
 .text.gpio_nrfx_port_get_raw
                0x0000000000004830        0xe zephyr/drivers/gpio/libdrivers__gpio.a(gpio_nrfx.c.obj)
 .text.gpio_nrfx_port_set_masked_raw
                0x000000000000483e       0x18 zephyr/drivers/gpio/libdrivers__gpio.a(gpio_nrfx.c.obj)
 .text.gpio_nrfx_port_set_bits_raw
                0x0000000000004856        0xc zephyr/drivers/gpio/libdrivers__gpio.a(gpio_nrfx.c.obj)
 .text.gpio_nrfx_port_clear_bits_raw
                0x0000000000004862        0xc zephyr/drivers/gpio/libdrivers__gpio.a(gpio_nrfx.c.obj)
 .text.gpio_nrfx_port_toggle_bits
                0x000000000000486e       0x1a zephyr/drivers/gpio/libdrivers__gpio.a(gpio_nrfx.c.obj)
 .text.gpio_nrfx_manage_callback
                0x0000000000004888       0x52 zephyr/drivers/gpio/libdrivers__gpio.a(gpio_nrfx.c.obj)
 .text.pinctrl_lookup_state
                0x00000000000048da       0x26 zephyr/drivers/pinctrl/libdrivers__pinctrl.a(common.c.obj)
                0x00000000000048da                pinctrl_lookup_state
 .text.uarte_nrfx_err_check
                0x0000000000004900        0xe zephyr/drivers/serial/libdrivers__serial.a(uart_nrfx_uarte.c.obj)
 .text.uarte_nrfx_poll_in
                0x000000000000490e       0x26 zephyr/drivers/serial/libdrivers__serial.a(uart_nrfx_uarte.c.obj)
 .text.is_tx_ready.isra.0
                0x0000000000004934       0x20 zephyr/drivers/serial/libdrivers__serial.a(uart_nrfx_uarte.c.obj)
 .text.uarte_nrfx_isr_int
                0x0000000000004954       0x42 zephyr/drivers/serial/libdrivers__serial.a(uart_nrfx_uarte.c.obj)
 .text.pinctrl_apply_state.isra.0
                0x0000000000004996       0x1e zephyr/drivers/serial/libdrivers__serial.a(uart_nrfx_uarte.c.obj)
 .text.event_clear
                0x00000000000049b4       0x18 zephyr/drivers/timer/libdrivers__timer.a(nrf_rtc_timer.c.obj)
 .text.hw_cc3xx_init_internal
                0x00000000000049cc        0x4 modules/nrf/drivers/hw_cc3xx/lib..__nrf__drivers__hw_cc3xx.a(hw_cc3xx.c.obj)
 .text.hw_cc3xx_init
                0x00000000000049d0       0x12 modules/nrf/drivers/hw_cc3xx/lib..__nrf__drivers__hw_cc3xx.a(hw_cc3xx.c.obj)
 .text.nrfx_isr
                0x00000000000049e2        0x2 modules/hal_nordic/modules/hal_nordic/nrfx/libmodules__hal_nordic__nrfx.a(nrfx_glue.c.obj)
                0x00000000000049e2                nrfx_isr
 .text.nrfx_busy_wait
                0x00000000000049e4        0x4 modules/hal_nordic/modules/hal_nordic/nrfx/libmodules__hal_nordic__nrfx.a(nrfx_glue.c.obj)
                0x00000000000049e4                nrfx_busy_wait
 .text.nrfx_gppi_channel_endpoints_setup
                0x00000000000049e8       0x14 modules/hal_nordic/modules/hal_nordic/nrfx/libmodules__hal_nordic__nrfx.a(nrfx_gppi_ppi.c.obj)
                0x00000000000049e8                nrfx_gppi_channel_endpoints_setup
 .text.nrfx_gppi_channel_alloc
                0x00000000000049fc        0x4 modules/hal_nordic/modules/hal_nordic/nrfx/libmodules__hal_nordic__nrfx.a(nrfx_gppi_ppi.c.obj)
                0x00000000000049fc                nrfx_gppi_channel_alloc
 .text.nrfx_clock_stop
                0x0000000000004a00        0x4 modules/hal_nordic/modules/hal_nordic/nrfx/libmodules__hal_nordic__nrfx.a(nrfx_clock.c.obj)
                0x0000000000004a00                nrfx_clock_stop
 .text.nrf_gpio_reconfigure
                0x0000000000004a04       0x92 modules/hal_nordic/modules/hal_nordic/nrfx/libmodules__hal_nordic__nrfx.a(nrfx_gpiote.c.obj)
 .text.nrf_gpio_cfg_sense_set
                0x0000000000004a96       0x1e modules/hal_nordic/modules/hal_nordic/nrfx/libmodules__hal_nordic__nrfx.a(nrfx_gpiote.c.obj)
 .text.pin_trigger_disable
                0x0000000000004ab4       0x48 modules/hal_nordic/modules/hal_nordic/nrfx/libmodules__hal_nordic__nrfx.a(nrfx_gpiote.c.obj)
 .text.nrfx_gpiote_pin_uninit
                0x0000000000004afc        0x4 modules/hal_nordic/modules/hal_nordic/nrfx/libmodules__hal_nordic__nrfx.a(nrfx_gpiote.c.obj)
                0x0000000000004afc                nrfx_gpiote_pin_uninit
 .text.nrfx_gpiote_trigger_disable
                0x0000000000004b00        0x4 modules/hal_nordic/modules/hal_nordic/nrfx/libmodules__hal_nordic__nrfx.a(nrfx_gpiote.c.obj)
                0x0000000000004b00                nrfx_gpiote_trigger_disable
 .text.z_impl_k_busy_wait
                0x0000000000004b04        0x8 zephyr/kernel/libkernel.a(busy_wait.c.obj)
                0x0000000000004b04                z_impl_k_busy_wait
 .text.z_device_state_init
                0x0000000000004b0c        0x2 zephyr/kernel/libkernel.a(device.c.obj)
                0x0000000000004b0c                z_device_state_init
 .text.z_impl_device_is_ready
                0x0000000000004b0e       0x16 zephyr/kernel/libkernel.a(device.c.obj)
                0x0000000000004b0e                z_impl_device_is_ready
 .text.arch_system_halt
                0x0000000000004b24       0x10 zephyr/kernel/libkernel.a(fatal.c.obj)
                0x0000000000004b24                arch_system_halt
 .text.k_sys_fatal_error_handler
                0x0000000000004b34        0x6 zephyr/kernel/libkernel.a(fatal.c.obj)
                0x0000000000004b34                k_sys_fatal_error_handler
 .text.do_device_init
                0x0000000000004b3a       0x2e zephyr/kernel/libkernel.a(init.c.obj)
 .text.z_early_memset
                0x0000000000004b68        0x4 zephyr/kernel/libkernel.a(init.c.obj)
                0x0000000000004b68                z_early_memset
 .text.z_early_memcpy
                0x0000000000004b6c        0x4 zephyr/kernel/libkernel.a(init.c.obj)
                0x0000000000004b6c                z_early_memcpy
 .text.create_free_list
                0x0000000000004b70       0x34 zephyr/kernel/libkernel.a(mem_slab.c.obj)
 .text.k_mem_slab_init
                0x0000000000004ba4       0x1c zephyr/kernel/libkernel.a(mem_slab.c.obj)
                0x0000000000004ba4                k_mem_slab_init
 .text.k_mem_slab_free
                0x0000000000004bc0       0x6e zephyr/kernel/libkernel.a(mem_slab.c.obj)
                0x0000000000004bc0                k_mem_slab_free
 .text.idle     0x0000000000004c2e       0x16 zephyr/kernel/libkernel.a(idle.c.obj)
                0x0000000000004c2e                idle
 .text.adjust_owner_prio.isra.0
                0x0000000000004c44       0x10 zephyr/kernel/libkernel.a(mutex.c.obj)
 .text.z_impl_k_mutex_init
                0x0000000000004c54        0xe zephyr/kernel/libkernel.a(mutex.c.obj)
                0x0000000000004c54                z_impl_k_mutex_init
 .text.k_is_in_isr
                0x0000000000004c62        0xc zephyr/kernel/libkernel.a(thread.c.obj)
                0x0000000000004c62                k_is_in_isr
 .text.sys_dlist_remove
                0x0000000000004c6e       0x10 zephyr/kernel/libkernel.a(sched.c.obj)
 .text.unpend_thread_no_timeout
                0x0000000000004c7e       0x14 zephyr/kernel/libkernel.a(sched.c.obj)
 .text.add_to_waitq_locked
                0x0000000000004c92       0x50 zephyr/kernel/libkernel.a(sched.c.obj)
 .text.z_ready_thread
                0x0000000000004ce2       0x1e zephyr/kernel/libkernel.a(sched.c.obj)
                0x0000000000004ce2                z_ready_thread
 .text.z_sched_wake_thread
                0x0000000000004d00       0x3a zephyr/kernel/libkernel.a(sched.c.obj)
                0x0000000000004d00                z_sched_wake_thread
 .text.z_thread_timeout
                0x0000000000004d3a        0x8 zephyr/kernel/libkernel.a(sched.c.obj)
                0x0000000000004d3a                z_thread_timeout
 .text.z_impl_k_sleep
                0x0000000000004d42       0x4e zephyr/kernel/libkernel.a(sched.c.obj)
                0x0000000000004d42                z_impl_k_sleep
 .text.next_timeout
                0x0000000000004d90       0x2e zephyr/kernel/libkernel.a(timeout.c.obj)
 .text.z_abort_timeout
                0x0000000000004dbe       0x50 zephyr/kernel/libkernel.a(timeout.c.obj)
                0x0000000000004dbe                z_abort_timeout
 .text.sys_clock_tick_get_32
                0x0000000000004e0e        0x8 zephyr/kernel/libkernel.a(timeout.c.obj)
                0x0000000000004e0e                sys_clock_tick_get_32
 .text.memcpy   0x0000000000004e16       0x1c /opt/nordic/ncs/toolchains/5c0d382932/opt/zephyr-sdk/arm-zephyr-eabi/bin/../lib/gcc/../../picolibc/arm-zephyr-eabi/lib/thumb/v7e-m/nofp/libc.a(memcpy.c.o)
                0x0000000000004e16                memcpy
                0x0000000000004e16                __aeabi_memcpy
                0x0000000000004e16                __aeabi_memcpy4
                0x0000000000004e16                __aeabi_memcpy8
 .text.memset   0x0000000000004e32       0x10 /opt/nordic/ncs/toolchains/5c0d382932/opt/zephyr-sdk/arm-zephyr-eabi/bin/../lib/gcc/../../picolibc/arm-zephyr-eabi/lib/thumb/v7e-m/nofp/libc.a(memset.c.o)
                0x0000000000004e32                memset
 .text.strnlen  0x0000000000004e42       0x18 /opt/nordic/ncs/toolchains/5c0d382932/opt/zephyr-sdk/arm-zephyr-eabi/bin/../lib/gcc/../../picolibc/arm-zephyr-eabi/lib/thumb/v7e-m/nofp/libc.a(libc_string_strnlen.c.o)
                0x0000000000004e42                strnlen
 .text.__ultoa_invert
                0x0000000000004e5a       0xae /opt/nordic/ncs/toolchains/5c0d382932/opt/zephyr-sdk/arm-zephyr-eabi/bin/../lib/gcc/../../picolibc/arm-zephyr-eabi/lib/thumb/v7e-m/nofp/libc.a(libc_tinystdio_vflprintf.c.o)
 *(SORT_BY_ALIGNMENT(.TEXT.*))
 .TEXT.__aeabi_read_tp
                0x0000000000004f08        0xc zephyr/arch/arch/arm/core/cortex_m/libarch__arm__core__cortex_m.a(__aeabi_read_tp.S.obj)
                0x0000000000004f08                __aeabi_read_tp
 *(SORT_BY_ALIGNMENT(.gnu.linkonce.t.*))
 *(SORT_BY_ALIGNMENT(.glue_7t))
 .glue_7t       0x0000000000004f14        0x0 linker stubs
 *(SORT_BY_ALIGNMENT(.glue_7))
 .glue_7        0x0000000000004f14        0x0 linker stubs
 *(SORT_BY_ALIGNMENT(.vfp11_veneer))
 .vfp11_veneer  0x0000000000004f14        0x0 linker stubs
 *(SORT_BY_ALIGNMENT(.v4_bx))
 .v4_bx         0x0000000000004f14        0x0 linker stubs
                0x0000000000004f14                . = ALIGN (0x4)
                0x0000000000004f14                __text_region_end = .

.ARM.exidx      0x0000000000004f14        0x0
                0x0000000000004f14                __exidx_start = .
 *(SORT_BY_ALIGNMENT(.ARM.exidx*) SORT_BY_ALIGNMENT(gnu.linkonce.armexidx.*))
                0x0000000000004f14                __exidx_end = .
                0x0000000000004f14                __rodata_region_start = .

initlevel       0x0000000000004f14       0x58
                0x0000000000004f14                __init_start = .
                0x0000000000004f14                __init_EARLY_start = .
 *(SORT_BY_NAME(SORT_BY_ALIGNMENT(.z_init_EARLY_P_?_*)))
 *(SORT_BY_NAME(SORT_BY_ALIGNMENT(.z_init_EARLY_P_??_*)))
 *(SORT_BY_NAME(SORT_BY_ALIGNMENT(.z_init_EARLY_P_???_*)))
                0x0000000000004f14                __init_PRE_KERNEL_1_start = .
 *(SORT_BY_NAME(SORT_BY_ALIGNMENT(.z_init_PRE_KERNEL_1_P_?_*)))
 .z_init_PRE_KERNEL_1_P_0_SUB_0_
                0x0000000000004f14        0x8 zephyr/soc/soc/nrf52840/libsoc__nordic.a(soc.c.obj)
 *(SORT_BY_NAME(SORT_BY_ALIGNMENT(.z_init_PRE_KERNEL_1_P_??_*)))
 .z_init_PRE_KERNEL_1_P_30_SUB_00077_
                0x0000000000004f1c        0x8 zephyr/drivers/clock_control/libdrivers__clock_control.a(clock_control_nrf.c.obj)
 .z_init_PRE_KERNEL_1_P_30_SUB_0_
                0x0000000000004f24        0x8 zephyr/kernel/libkernel.a(mem_slab.c.obj)
 .z_init_PRE_KERNEL_1_P_40_SUB_00011_
                0x0000000000004f2c        0x8 zephyr/drivers/gpio/libdrivers__gpio.a(gpio_nrfx.c.obj)
 .z_init_PRE_KERNEL_1_P_40_SUB_00107_
                0x0000000000004f34        0x8 zephyr/drivers/gpio/libdrivers__gpio.a(gpio_nrfx.c.obj)
 .z_init_PRE_KERNEL_1_P_40_SUB_0_
                0x0000000000004f3c        0x8 modules/nrf/drivers/hw_cc3xx/lib..__nrf__drivers__hw_cc3xx.a(hw_cc3xx.c.obj)
 .z_init_PRE_KERNEL_1_P_50_SUB_00115_
                0x0000000000004f44        0x8 zephyr/drivers/serial/libdrivers__serial.a(uart_nrfx_uarte.c.obj)
 .z_init_PRE_KERNEL_1_P_60_SUB_0_
                0x0000000000004f4c        0x8 zephyr/drivers/console/libdrivers__console.a(uart_console.c.obj)
 *(SORT_BY_NAME(SORT_BY_ALIGNMENT(.z_init_PRE_KERNEL_1_P_???_*)))
                0x0000000000004f54                __init_PRE_KERNEL_2_start = .
 *(SORT_BY_NAME(SORT_BY_ALIGNMENT(.z_init_PRE_KERNEL_2_P_?_*)))
 .z_init_PRE_KERNEL_2_P_0_SUB_0_
                0x0000000000004f54        0x8 zephyr/drivers/timer/libdrivers__timer.a(nrf_rtc_timer.c.obj)
 *(SORT_BY_NAME(SORT_BY_ALIGNMENT(.z_init_PRE_KERNEL_2_P_??_*)))
 *(SORT_BY_NAME(SORT_BY_ALIGNMENT(.z_init_PRE_KERNEL_2_P_???_*)))
                0x0000000000004f5c                __init_POST_KERNEL_start = .
 *(SORT_BY_NAME(SORT_BY_ALIGNMENT(.z_init_POST_KERNEL_P_?_*)))
 *(SORT_BY_NAME(SORT_BY_ALIGNMENT(.z_init_POST_KERNEL_P_??_*)))
 .z_init_POST_KERNEL_P_35_SUB_0_
                0x0000000000004f5c        0x8 zephyr/lib/libc/common/liblib__libc__common.a(malloc.c.obj)
 .z_init_POST_KERNEL_P_40_SUB_0_
                0x0000000000004f64        0x8 modules/nrf/drivers/hw_cc3xx/lib..__nrf__drivers__hw_cc3xx.a(hw_cc3xx.c.obj)
 *(SORT_BY_NAME(SORT_BY_ALIGNMENT(.z_init_POST_KERNEL_P_???_*)))
                0x0000000000004f6c                __init_APPLICATION_start = .
 *(SORT_BY_NAME(SORT_BY_ALIGNMENT(.z_init_APPLICATION_P_?_*)))
 *(SORT_BY_NAME(SORT_BY_ALIGNMENT(.z_init_APPLICATION_P_??_*)))
 *(SORT_BY_NAME(SORT_BY_ALIGNMENT(.z_init_APPLICATION_P_???_*)))
                0x0000000000004f6c                __init_SMP_start = .
 *(SORT_BY_NAME(SORT_BY_ALIGNMENT(.z_init_SMP_P_?_*)))
 *(SORT_BY_NAME(SORT_BY_ALIGNMENT(.z_init_SMP_P_??_*)))
 *(SORT_BY_NAME(SORT_BY_ALIGNMENT(.z_init_SMP_P_???_*)))
                0x0000000000004f6c                __init_end = .

device_area     0x0000000000004f6c       0x80
                0x0000000000004f6c                _device_list_start = .
 *(SORT_BY_NAME(SORT_BY_ALIGNMENT(._device.static.*_?_*)))
 *(SORT_BY_NAME(SORT_BY_ALIGNMENT(._device.static.*_??_*)))
 ._device.static.1_30_
                0x0000000000004f6c       0x20 zephyr/drivers/clock_control/libdrivers__clock_control.a(clock_control_nrf.c.obj)
                0x0000000000004f6c                __device_dts_ord_77
 ._device.static.1_40_
                0x0000000000004f8c       0x40 zephyr/drivers/gpio/libdrivers__gpio.a(gpio_nrfx.c.obj)
                0x0000000000004f8c                __device_dts_ord_107
                0x0000000000004fac                __device_dts_ord_11
 ._device.static.1_50_
                0x0000000000004fcc       0x20 zephyr/drivers/serial/libdrivers__serial.a(uart_nrfx_uarte.c.obj)
                0x0000000000004fcc                __device_dts_ord_115
 *(SORT_BY_NAME(SORT_BY_ALIGNMENT(._device.static.*_???_*)))
 *(SORT_BY_NAME(SORT_BY_ALIGNMENT(._device.static.*_????_*)))
 *(SORT_BY_NAME(SORT_BY_ALIGNMENT(._device.static.*_?????_*)))
                0x0000000000004fec                _device_list_end = .

sw_isr_table    0x0000000000004fec      0x180
                0x0000000000004fec                . = ALIGN (0x4)
 *(SORT_BY_ALIGNMENT(.gnu.linkonce.sw_isr_table*))
 .gnu.linkonce.sw_isr_table
                0x0000000000004fec      0x180 zephyr/CMakeFiles/zephyr_final.dir/isr_tables.c.obj
                0x0000000000004fec                _sw_isr_table

initlevel_error
                0x0000000000004f14        0x0
 *(SORT_BY_NAME(SORT_BY_ALIGNMENT(.z_init_*)))
                0x0000000000000001                ASSERT ((SIZEOF (initlevel_error) == 0x0), Undefined initialization levels used.)

app_shmem_regions
                0x000000000000516c        0x0
                0x000000000000516c                __app_shmem_regions_start = .
 *(SORT_BY_NAME(SORT_BY_ALIGNMENT(.app_regions.*)))
                0x000000000000516c                __app_shmem_regions_end = .

k_p4wq_initparam_area
                0x000000000000516c        0x0
                0x000000000000516c                _k_p4wq_initparam_list_start = .
 *(SORT_BY_NAME(SORT_BY_ALIGNMENT(._k_p4wq_initparam.static.*)))
                0x000000000000516c                _k_p4wq_initparam_list_end = .

_static_thread_data_area
                0x000000000000516c        0x0
                0x000000000000516c                __static_thread_data_list_start = .
 *(SORT_BY_NAME(SORT_BY_ALIGNMENT(.__static_thread_data.static.*)))
                0x000000000000516c                __static_thread_data_list_end = .

device_deps     0x000000000000516c        0x0
                0x000000000000516c                __device_deps_start = .
 *(SORT_BY_NAME(SORT_BY_ALIGNMENT(.__device_deps_pass2*)))
                0x000000000000516c                __device_deps_end = .

gpio_driver_api_area
                0x000000000000516c       0x24
                0x000000000000516c                _gpio_driver_api_list_start = .
 *(SORT_BY_NAME(SORT_BY_ALIGNMENT(._gpio_driver_api.static.*)))
 ._gpio_driver_api.static.gpio_nrfx_drv_api_funcs_
                0x000000000000516c       0x24 zephyr/drivers/gpio/libdrivers__gpio.a(gpio_nrfx.c.obj)
                0x0000000000005190                _gpio_driver_api_list_end = .

shared_irq_driver_api_area
                0x0000000000005190        0x0
                0x0000000000005190                _shared_irq_driver_api_list_start = .
 *(SORT_BY_NAME(SORT_BY_ALIGNMENT(._shared_irq_driver_api.static.*)))
                0x0000000000005190                _shared_irq_driver_api_list_end = .

crypto_driver_api_area
                0x0000000000005190        0x0
                0x0000000000005190                _crypto_driver_api_list_start = .
 *(SORT_BY_NAME(SORT_BY_ALIGNMENT(._crypto_driver_api.static.*)))
                0x0000000000005190                _crypto_driver_api_list_end = .

adc_driver_api_area
                0x0000000000005190        0x0
                0x0000000000005190                _adc_driver_api_list_start = .
 *(SORT_BY_NAME(SORT_BY_ALIGNMENT(._adc_driver_api.static.*)))
                0x0000000000005190                _adc_driver_api_list_end = .

auxdisplay_driver_api_area
                0x0000000000005190        0x0
                0x0000000000005190                _auxdisplay_driver_api_list_start = .
 *(SORT_BY_NAME(SORT_BY_ALIGNMENT(._auxdisplay_driver_api.static.*)))
                0x0000000000005190                _auxdisplay_driver_api_list_end = .

bbram_driver_api_area
                0x0000000000005190        0x0
                0x0000000000005190                _bbram_driver_api_list_start = .
 *(SORT_BY_NAME(SORT_BY_ALIGNMENT(._bbram_driver_api.static.*)))
                0x0000000000005190                _bbram_driver_api_list_end = .

bt_hci_driver_api_area
                0x0000000000005190        0x0
                0x0000000000005190                _bt_hci_driver_api_list_start = .
 *(SORT_BY_NAME(SORT_BY_ALIGNMENT(._bt_hci_driver_api.static.*)))
                0x0000000000005190                _bt_hci_driver_api_list_end = .

can_driver_api_area
                0x0000000000005190        0x0
                0x0000000000005190                _can_driver_api_list_start = .
 *(SORT_BY_NAME(SORT_BY_ALIGNMENT(._can_driver_api.static.*)))
                0x0000000000005190                _can_driver_api_list_end = .

cellular_driver_api_area
                0x0000000000005190        0x0
                0x0000000000005190                _cellular_driver_api_list_start = .
 *(SORT_BY_NAME(SORT_BY_ALIGNMENT(._cellular_driver_api.static.*)))
                0x0000000000005190                _cellular_driver_api_list_end = .

charger_driver_api_area
                0x0000000000005190        0x0
                0x0000000000005190                _charger_driver_api_list_start = .
 *(SORT_BY_NAME(SORT_BY_ALIGNMENT(._charger_driver_api.static.*)))
                0x0000000000005190                _charger_driver_api_list_end = .

clock_control_driver_api_area
                0x0000000000005190       0x1c
                0x0000000000005190                _clock_control_driver_api_list_start = .
 *(SORT_BY_NAME(SORT_BY_ALIGNMENT(._clock_control_driver_api.static.*)))
 ._clock_control_driver_api.static.clock_control_api_
                0x0000000000005190       0x1c zephyr/drivers/clock_control/libdrivers__clock_control.a(clock_control_nrf.c.obj)
                0x00000000000051ac                _clock_control_driver_api_list_end = .

comparator_driver_api_area
                0x00000000000051ac        0x0
                0x00000000000051ac                _comparator_driver_api_list_start = .
 *(SORT_BY_NAME(SORT_BY_ALIGNMENT(._comparator_driver_api.static.*)))
                0x00000000000051ac                _comparator_driver_api_list_end = .

coredump_driver_api_area
                0x00000000000051ac        0x0
                0x00000000000051ac                _coredump_driver_api_list_start = .
 *(SORT_BY_NAME(SORT_BY_ALIGNMENT(._coredump_driver_api.static.*)))
                0x00000000000051ac                _coredump_driver_api_list_end = .

counter_driver_api_area
                0x00000000000051ac        0x0
                0x00000000000051ac                _counter_driver_api_list_start = .
 *(SORT_BY_NAME(SORT_BY_ALIGNMENT(._counter_driver_api.static.*)))
                0x00000000000051ac                _counter_driver_api_list_end = .

dac_driver_api_area
                0x00000000000051ac        0x0
                0x00000000000051ac                _dac_driver_api_list_start = .
 *(SORT_BY_NAME(SORT_BY_ALIGNMENT(._dac_driver_api.static.*)))
                0x00000000000051ac                _dac_driver_api_list_end = .

dai_driver_api_area
                0x00000000000051ac        0x0
                0x00000000000051ac                _dai_driver_api_list_start = .
 *(SORT_BY_NAME(SORT_BY_ALIGNMENT(._dai_driver_api.static.*)))
                0x00000000000051ac                _dai_driver_api_list_end = .

display_driver_api_area
                0x00000000000051ac        0x0
                0x00000000000051ac                _display_driver_api_list_start = .
 *(SORT_BY_NAME(SORT_BY_ALIGNMENT(._display_driver_api.static.*)))
                0x00000000000051ac                _display_driver_api_list_end = .

dma_driver_api_area
                0x00000000000051ac        0x0
                0x00000000000051ac                _dma_driver_api_list_start = .
 *(SORT_BY_NAME(SORT_BY_ALIGNMENT(._dma_driver_api.static.*)))
                0x00000000000051ac                _dma_driver_api_list_end = .

edac_driver_api_area
                0x00000000000051ac        0x0
                0x00000000000051ac                _edac_driver_api_list_start = .
 *(SORT_BY_NAME(SORT_BY_ALIGNMENT(._edac_driver_api.static.*)))
                0x00000000000051ac                _edac_driver_api_list_end = .

eeprom_driver_api_area
                0x00000000000051ac        0x0
                0x00000000000051ac                _eeprom_driver_api_list_start = .
 *(SORT_BY_NAME(SORT_BY_ALIGNMENT(._eeprom_driver_api.static.*)))
                0x00000000000051ac                _eeprom_driver_api_list_end = .

emul_bbram_driver_api_area
                0x00000000000051ac        0x0
                0x00000000000051ac                _emul_bbram_driver_api_list_start = .
 *(SORT_BY_NAME(SORT_BY_ALIGNMENT(._emul_bbram_driver_api.static.*)))
                0x00000000000051ac                _emul_bbram_driver_api_list_end = .

fuel_gauge_emul_driver_api_area
                0x00000000000051ac        0x0
                0x00000000000051ac                _fuel_gauge_emul_driver_api_list_start = .
 *(SORT_BY_NAME(SORT_BY_ALIGNMENT(._fuel_gauge_emul_driver_api.static.*)))
                0x00000000000051ac                _fuel_gauge_emul_driver_api_list_end = .

emul_sensor_driver_api_area
                0x00000000000051ac        0x0
                0x00000000000051ac                _emul_sensor_driver_api_list_start = .
 *(SORT_BY_NAME(SORT_BY_ALIGNMENT(._emul_sensor_driver_api.static.*)))
                0x00000000000051ac                _emul_sensor_driver_api_list_end = .

entropy_driver_api_area
                0x00000000000051ac        0x0
                0x00000000000051ac                _entropy_driver_api_list_start = .
 *(SORT_BY_NAME(SORT_BY_ALIGNMENT(._entropy_driver_api.static.*)))
                0x00000000000051ac                _entropy_driver_api_list_end = .

espi_driver_api_area
                0x00000000000051ac        0x0
                0x00000000000051ac                _espi_driver_api_list_start = .
 *(SORT_BY_NAME(SORT_BY_ALIGNMENT(._espi_driver_api.static.*)))
                0x00000000000051ac                _espi_driver_api_list_end = .

espi_saf_driver_api_area
                0x00000000000051ac        0x0
                0x00000000000051ac                _espi_saf_driver_api_list_start = .
 *(SORT_BY_NAME(SORT_BY_ALIGNMENT(._espi_saf_driver_api.static.*)))
                0x00000000000051ac                _espi_saf_driver_api_list_end = .

flash_driver_api_area
                0x00000000000051ac        0x0
                0x00000000000051ac                _flash_driver_api_list_start = .
 *(SORT_BY_NAME(SORT_BY_ALIGNMENT(._flash_driver_api.static.*)))
                0x00000000000051ac                _flash_driver_api_list_end = .

fpga_driver_api_area
                0x00000000000051ac        0x0
                0x00000000000051ac                _fpga_driver_api_list_start = .
 *(SORT_BY_NAME(SORT_BY_ALIGNMENT(._fpga_driver_api.static.*)))
                0x00000000000051ac                _fpga_driver_api_list_end = .

fuel_gauge_driver_api_area
                0x00000000000051ac        0x0
                0x00000000000051ac                _fuel_gauge_driver_api_list_start = .
 *(SORT_BY_NAME(SORT_BY_ALIGNMENT(._fuel_gauge_driver_api.static.*)))
                0x00000000000051ac                _fuel_gauge_driver_api_list_end = .

gnss_driver_api_area
                0x00000000000051ac        0x0
                0x00000000000051ac                _gnss_driver_api_list_start = .
 *(SORT_BY_NAME(SORT_BY_ALIGNMENT(._gnss_driver_api.static.*)))
                0x00000000000051ac                _gnss_driver_api_list_end = .

haptics_driver_api_area
                0x00000000000051ac        0x0
                0x00000000000051ac                _haptics_driver_api_list_start = .
 *(SORT_BY_NAME(SORT_BY_ALIGNMENT(._haptics_driver_api.static.*)))
                0x00000000000051ac                _haptics_driver_api_list_end = .

hwspinlock_driver_api_area
                0x00000000000051ac        0x0
                0x00000000000051ac                _hwspinlock_driver_api_list_start = .
 *(SORT_BY_NAME(SORT_BY_ALIGNMENT(._hwspinlock_driver_api.static.*)))
                0x00000000000051ac                _hwspinlock_driver_api_list_end = .

i2c_driver_api_area
                0x00000000000051ac        0x0
                0x00000000000051ac                _i2c_driver_api_list_start = .
 *(SORT_BY_NAME(SORT_BY_ALIGNMENT(._i2c_driver_api.static.*)))
                0x00000000000051ac                _i2c_driver_api_list_end = .

i2c_target_driver_api_area
                0x00000000000051ac        0x0
                0x00000000000051ac                _i2c_target_driver_api_list_start = .
 *(SORT_BY_NAME(SORT_BY_ALIGNMENT(._i2c_target_driver_api.static.*)))
                0x00000000000051ac                _i2c_target_driver_api_list_end = .

i2s_driver_api_area
                0x00000000000051ac        0x0
                0x00000000000051ac                _i2s_driver_api_list_start = .
 *(SORT_BY_NAME(SORT_BY_ALIGNMENT(._i2s_driver_api.static.*)))
                0x00000000000051ac                _i2s_driver_api_list_end = .

i3c_driver_api_area
                0x00000000000051ac        0x0
                0x00000000000051ac                _i3c_driver_api_list_start = .
 *(SORT_BY_NAME(SORT_BY_ALIGNMENT(._i3c_driver_api.static.*)))
                0x00000000000051ac                _i3c_driver_api_list_end = .

ipm_driver_api_area
                0x00000000000051ac        0x0
                0x00000000000051ac                _ipm_driver_api_list_start = .
 *(SORT_BY_NAME(SORT_BY_ALIGNMENT(._ipm_driver_api.static.*)))
                0x00000000000051ac                _ipm_driver_api_list_end = .

led_driver_api_area
                0x00000000000051ac        0x0
                0x00000000000051ac                _led_driver_api_list_start = .
 *(SORT_BY_NAME(SORT_BY_ALIGNMENT(._led_driver_api.static.*)))
                0x00000000000051ac                _led_driver_api_list_end = .

led_strip_driver_api_area
                0x00000000000051ac        0x0
                0x00000000000051ac                _led_strip_driver_api_list_start = .
 *(SORT_BY_NAME(SORT_BY_ALIGNMENT(._led_strip_driver_api.static.*)))
                0x00000000000051ac                _led_strip_driver_api_list_end = .

lora_driver_api_area
                0x00000000000051ac        0x0
                0x00000000000051ac                _lora_driver_api_list_start = .
 *(SORT_BY_NAME(SORT_BY_ALIGNMENT(._lora_driver_api.static.*)))
                0x00000000000051ac                _lora_driver_api_list_end = .

mbox_driver_api_area
                0x00000000000051ac        0x0
                0x00000000000051ac                _mbox_driver_api_list_start = .
 *(SORT_BY_NAME(SORT_BY_ALIGNMENT(._mbox_driver_api.static.*)))
                0x00000000000051ac                _mbox_driver_api_list_end = .

mdio_driver_api_area
                0x00000000000051ac        0x0
                0x00000000000051ac                _mdio_driver_api_list_start = .
 *(SORT_BY_NAME(SORT_BY_ALIGNMENT(._mdio_driver_api.static.*)))
                0x00000000000051ac                _mdio_driver_api_list_end = .

mipi_dbi_driver_api_area
                0x00000000000051ac        0x0
                0x00000000000051ac                _mipi_dbi_driver_api_list_start = .
 *(SORT_BY_NAME(SORT_BY_ALIGNMENT(._mipi_dbi_driver_api.static.*)))
                0x00000000000051ac                _mipi_dbi_driver_api_list_end = .

mipi_dsi_driver_api_area
                0x00000000000051ac        0x0
                0x00000000000051ac                _mipi_dsi_driver_api_list_start = .
 *(SORT_BY_NAME(SORT_BY_ALIGNMENT(._mipi_dsi_driver_api.static.*)))
                0x00000000000051ac                _mipi_dsi_driver_api_list_end = .

mspi_driver_api_area
                0x00000000000051ac        0x0
                0x00000000000051ac                _mspi_driver_api_list_start = .
 *(SORT_BY_NAME(SORT_BY_ALIGNMENT(._mspi_driver_api.static.*)))
                0x00000000000051ac                _mspi_driver_api_list_end = .

peci_driver_api_area
                0x00000000000051ac        0x0
                0x00000000000051ac                _peci_driver_api_list_start = .
 *(SORT_BY_NAME(SORT_BY_ALIGNMENT(._peci_driver_api.static.*)))
                0x00000000000051ac                _peci_driver_api_list_end = .

ps2_driver_api_area
                0x00000000000051ac        0x0
                0x00000000000051ac                _ps2_driver_api_list_start = .
 *(SORT_BY_NAME(SORT_BY_ALIGNMENT(._ps2_driver_api.static.*)))
                0x00000000000051ac                _ps2_driver_api_list_end = .

ptp_clock_driver_api_area
                0x00000000000051ac        0x0
                0x00000000000051ac                _ptp_clock_driver_api_list_start = .
 *(SORT_BY_NAME(SORT_BY_ALIGNMENT(._ptp_clock_driver_api.static.*)))
                0x00000000000051ac                _ptp_clock_driver_api_list_end = .

pwm_driver_api_area
                0x00000000000051ac        0x0
                0x00000000000051ac                _pwm_driver_api_list_start = .
 *(SORT_BY_NAME(SORT_BY_ALIGNMENT(._pwm_driver_api.static.*)))
                0x00000000000051ac                _pwm_driver_api_list_end = .

regulator_parent_driver_api_area
                0x00000000000051ac        0x0
                0x00000000000051ac                _regulator_parent_driver_api_list_start = .
 *(SORT_BY_NAME(SORT_BY_ALIGNMENT(._regulator_parent_driver_api.static.*)))
                0x00000000000051ac                _regulator_parent_driver_api_list_end = .

regulator_driver_api_area
                0x00000000000051ac        0x0
                0x00000000000051ac                _regulator_driver_api_list_start = .
 *(SORT_BY_NAME(SORT_BY_ALIGNMENT(._regulator_driver_api.static.*)))
                0x00000000000051ac                _regulator_driver_api_list_end = .

reset_driver_api_area
                0x00000000000051ac        0x0
                0x00000000000051ac                _reset_driver_api_list_start = .
 *(SORT_BY_NAME(SORT_BY_ALIGNMENT(._reset_driver_api.static.*)))
                0x00000000000051ac                _reset_driver_api_list_end = .

retained_mem_driver_api_area
                0x00000000000051ac        0x0
                0x00000000000051ac                _retained_mem_driver_api_list_start = .
 *(SORT_BY_NAME(SORT_BY_ALIGNMENT(._retained_mem_driver_api.static.*)))
                0x00000000000051ac                _retained_mem_driver_api_list_end = .

rtc_driver_api_area
                0x00000000000051ac        0x0
                0x00000000000051ac                _rtc_driver_api_list_start = .
 *(SORT_BY_NAME(SORT_BY_ALIGNMENT(._rtc_driver_api.static.*)))
                0x00000000000051ac                _rtc_driver_api_list_end = .

sdhc_driver_api_area
                0x00000000000051ac        0x0
                0x00000000000051ac                _sdhc_driver_api_list_start = .
 *(SORT_BY_NAME(SORT_BY_ALIGNMENT(._sdhc_driver_api.static.*)))
                0x00000000000051ac                _sdhc_driver_api_list_end = .

sensor_driver_api_area
                0x00000000000051ac        0x0
                0x00000000000051ac                _sensor_driver_api_list_start = .
 *(SORT_BY_NAME(SORT_BY_ALIGNMENT(._sensor_driver_api.static.*)))
                0x00000000000051ac                _sensor_driver_api_list_end = .

smbus_driver_api_area
                0x00000000000051ac        0x0
                0x00000000000051ac                _smbus_driver_api_list_start = .
 *(SORT_BY_NAME(SORT_BY_ALIGNMENT(._smbus_driver_api.static.*)))
                0x00000000000051ac                _smbus_driver_api_list_end = .

spi_driver_api_area
                0x00000000000051ac        0x0
                0x00000000000051ac                _spi_driver_api_list_start = .
 *(SORT_BY_NAME(SORT_BY_ALIGNMENT(._spi_driver_api.static.*)))
                0x00000000000051ac                _spi_driver_api_list_end = .

stepper_driver_api_area
                0x00000000000051ac        0x0
                0x00000000000051ac                _stepper_driver_api_list_start = .
 *(SORT_BY_NAME(SORT_BY_ALIGNMENT(._stepper_driver_api.static.*)))
                0x00000000000051ac                _stepper_driver_api_list_end = .

syscon_driver_api_area
                0x00000000000051ac        0x0
                0x00000000000051ac                _syscon_driver_api_list_start = .
 *(SORT_BY_NAME(SORT_BY_ALIGNMENT(._syscon_driver_api.static.*)))
                0x00000000000051ac                _syscon_driver_api_list_end = .

tee_driver_api_area
                0x00000000000051ac        0x0
                0x00000000000051ac                _tee_driver_api_list_start = .
 *(SORT_BY_NAME(SORT_BY_ALIGNMENT(._tee_driver_api.static.*)))
                0x00000000000051ac                _tee_driver_api_list_end = .

video_driver_api_area
                0x00000000000051ac        0x0
                0x00000000000051ac                _video_driver_api_list_start = .
 *(SORT_BY_NAME(SORT_BY_ALIGNMENT(._video_driver_api.static.*)))
                0x00000000000051ac                _video_driver_api_list_end = .

w1_driver_api_area
                0x00000000000051ac        0x0
                0x00000000000051ac                _w1_driver_api_list_start = .
 *(SORT_BY_NAME(SORT_BY_ALIGNMENT(._w1_driver_api.static.*)))
                0x00000000000051ac                _w1_driver_api_list_end = .

wdt_driver_api_area
                0x00000000000051ac        0x0
                0x00000000000051ac                _wdt_driver_api_list_start = .
 *(SORT_BY_NAME(SORT_BY_ALIGNMENT(._wdt_driver_api.static.*)))
                0x00000000000051ac                _wdt_driver_api_list_end = .

can_transceiver_driver_api_area
                0x00000000000051ac        0x0
                0x00000000000051ac                _can_transceiver_driver_api_list_start = .
 *(SORT_BY_NAME(SORT_BY_ALIGNMENT(._can_transceiver_driver_api.static.*)))
                0x00000000000051ac                _can_transceiver_driver_api_list_end = .

nrf_clock_control_driver_api_area
                0x00000000000051ac        0x0
                0x00000000000051ac                _nrf_clock_control_driver_api_list_start = .
 *(SORT_BY_NAME(SORT_BY_ALIGNMENT(._nrf_clock_control_driver_api.static.*)))
                0x00000000000051ac                _nrf_clock_control_driver_api_list_end = .

i3c_target_driver_api_area
                0x00000000000051ac        0x0
                0x00000000000051ac                _i3c_target_driver_api_list_start = .
 *(SORT_BY_NAME(SORT_BY_ALIGNMENT(._i3c_target_driver_api.static.*)))
                0x00000000000051ac                _i3c_target_driver_api_list_end = .

its_driver_api_area
                0x00000000000051ac        0x0
                0x00000000000051ac                _its_driver_api_list_start = .
 *(SORT_BY_NAME(SORT_BY_ALIGNMENT(._its_driver_api.static.*)))
                0x00000000000051ac                _its_driver_api_list_end = .

vtd_driver_api_area
                0x00000000000051ac        0x0
                0x00000000000051ac                _vtd_driver_api_list_start = .
 *(SORT_BY_NAME(SORT_BY_ALIGNMENT(._vtd_driver_api.static.*)))
                0x00000000000051ac                _vtd_driver_api_list_end = .

tgpio_driver_api_area
                0x00000000000051ac        0x0
                0x00000000000051ac                _tgpio_driver_api_list_start = .
 *(SORT_BY_NAME(SORT_BY_ALIGNMENT(._tgpio_driver_api.static.*)))
                0x00000000000051ac                _tgpio_driver_api_list_end = .

pcie_ctrl_driver_api_area
                0x00000000000051ac        0x0
                0x00000000000051ac                _pcie_ctrl_driver_api_list_start = .
 *(SORT_BY_NAME(SORT_BY_ALIGNMENT(._pcie_ctrl_driver_api.static.*)))
                0x00000000000051ac                _pcie_ctrl_driver_api_list_end = .

pcie_ep_driver_api_area
                0x00000000000051ac        0x0
                0x00000000000051ac                _pcie_ep_driver_api_list_start = .
 *(SORT_BY_NAME(SORT_BY_ALIGNMENT(._pcie_ep_driver_api.static.*)))
                0x00000000000051ac                _pcie_ep_driver_api_list_end = .

svc_driver_api_area
                0x00000000000051ac        0x0
                0x00000000000051ac                _svc_driver_api_list_start = .
 *(SORT_BY_NAME(SORT_BY_ALIGNMENT(._svc_driver_api.static.*)))
                0x00000000000051ac                _svc_driver_api_list_end = .

uart_driver_api_area
                0x00000000000051ac        0xc
                0x00000000000051ac                _uart_driver_api_list_start = .
 *(SORT_BY_NAME(SORT_BY_ALIGNMENT(._uart_driver_api.static.*)))
 ._uart_driver_api.static.uart_nrfx_uarte_driver_api_
                0x00000000000051ac        0xc zephyr/drivers/serial/libdrivers__serial.a(uart_nrfx_uarte.c.obj)
                0x00000000000051b8                _uart_driver_api_list_end = .

bc12_emul_driver_api_area
                0x00000000000051b8        0x0
                0x00000000000051b8                _bc12_emul_driver_api_list_start = .
 *(SORT_BY_NAME(SORT_BY_ALIGNMENT(._bc12_emul_driver_api.static.*)))
                0x00000000000051b8                _bc12_emul_driver_api_list_end = .

bc12_driver_api_area
                0x00000000000051b8        0x0
                0x00000000000051b8                _bc12_driver_api_list_start = .
 *(SORT_BY_NAME(SORT_BY_ALIGNMENT(._bc12_driver_api.static.*)))
                0x00000000000051b8                _bc12_driver_api_list_end = .

usbc_ppc_driver_api_area
                0x00000000000051b8        0x0
                0x00000000000051b8                _usbc_ppc_driver_api_list_start = .
 *(SORT_BY_NAME(SORT_BY_ALIGNMENT(._usbc_ppc_driver_api.static.*)))
                0x00000000000051b8                _usbc_ppc_driver_api_list_end = .

tcpc_driver_api_area
                0x00000000000051b8        0x0
                0x00000000000051b8                _tcpc_driver_api_list_start = .
 *(SORT_BY_NAME(SORT_BY_ALIGNMENT(._tcpc_driver_api.static.*)))
                0x00000000000051b8                _tcpc_driver_api_list_end = .

usbc_vbus_driver_api_area
                0x00000000000051b8        0x0
                0x00000000000051b8                _usbc_vbus_driver_api_list_start = .
 *(SORT_BY_NAME(SORT_BY_ALIGNMENT(._usbc_vbus_driver_api.static.*)))
                0x00000000000051b8                _usbc_vbus_driver_api_list_end = .

ivshmem_driver_api_area
                0x00000000000051b8        0x0
                0x00000000000051b8                _ivshmem_driver_api_list_start = .
 *(SORT_BY_NAME(SORT_BY_ALIGNMENT(._ivshmem_driver_api.static.*)))
                0x00000000000051b8                _ivshmem_driver_api_list_end = .

ethphy_driver_api_area
                0x00000000000051b8        0x0
                0x00000000000051b8                _ethphy_driver_api_list_start = .
 *(SORT_BY_NAME(SORT_BY_ALIGNMENT(._ethphy_driver_api.static.*)))
                0x00000000000051b8                _ethphy_driver_api_list_end = .

virtio_driver_api_area
                0x00000000000051b8        0x0
                0x00000000000051b8                _virtio_driver_api_list_start = .
 *(SORT_BY_NAME(SORT_BY_ALIGNMENT(._virtio_driver_api.static.*)))
                0x00000000000051b8                _virtio_driver_api_list_end = .

ztest           0x00000000000051b8        0x0
                0x00000000000051b8                _ztest_expected_result_entry_list_start = .
 *(SORT_BY_NAME(SORT_BY_ALIGNMENT(._ztest_expected_result_entry.static.*)))
                0x00000000000051b8                _ztest_expected_result_entry_list_end = .
                0x00000000000051b8                _ztest_suite_node_list_start = .
 *(SORT_BY_NAME(SORT_BY_ALIGNMENT(._ztest_suite_node.static.*)))
                0x00000000000051b8                _ztest_suite_node_list_end = .
                0x00000000000051b8                _ztest_unit_test_list_start = .
 *(SORT_BY_NAME(SORT_BY_ALIGNMENT(._ztest_unit_test.static.*)))
                0x00000000000051b8                _ztest_unit_test_list_end = .
                0x00000000000051b8                _ztest_test_rule_list_start = .
 *(SORT_BY_NAME(SORT_BY_ALIGNMENT(._ztest_test_rule.static.*)))
                0x00000000000051b8                _ztest_test_rule_list_end = .

init_array      0x00000000000051b8        0x0
                0x00000000000051b8                __zephyr_init_array_start = .
 *(SORT_BY_INIT_PRIORITY(.init_array.*) SORT_BY_INIT_PRIORITY(.ctors.*))
 *(SORT_BY_ALIGNMENT(.init_array) SORT_BY_ALIGNMENT(.ctors))
                0x00000000000051b8                __zephyr_init_array_end = .
                0x0000000000000001                ASSERT ((__zephyr_init_array_start == __zephyr_init_array_end), GNU-style constructors required but STATIC_INIT_GNU not enabled)

bt_l2cap_fixed_chan_area
                0x00000000000051b8        0x0
                0x00000000000051b8                _bt_l2cap_fixed_chan_list_start = .
 *(SORT_BY_NAME(SORT_BY_ALIGNMENT(._bt_l2cap_fixed_chan.static.*)))
                0x00000000000051b8                _bt_l2cap_fixed_chan_list_end = .

bt_gatt_service_static_area
                0x00000000000051b8        0x0
                0x00000000000051b8                _bt_gatt_service_static_list_start = .
 *(SORT_BY_NAME(SORT_BY_ALIGNMENT(._bt_gatt_service_static.static.*)))
                0x00000000000051b8                _bt_gatt_service_static_list_end = .

log_strings_area
                0x00000000000051b8        0x0
                0x00000000000051b8                _log_strings_list_start = .
 *(SORT_BY_NAME(SORT_BY_ALIGNMENT(._log_strings.static.*)))
                0x00000000000051b8                _log_strings_list_end = .

log_stmesp_ptr_area
                0x00000000000051b8        0x0
                0x00000000000051b8                _log_stmesp_ptr_list_start = .
 *(SORT_BY_NAME(SORT_BY_ALIGNMENT(._log_stmesp_ptr.static.*)))
                0x00000000000051b8                _log_stmesp_ptr_list_end = .

log_stmesp_str_area
                0x00000000000051b8        0x0
                0x00000000000051b8                _log_stmesp_str_list_start = .
 *(SORT_BY_NAME(SORT_BY_ALIGNMENT(._log_stmesp_str.static.*)))
                0x00000000000051b8                _log_stmesp_str_list_end = .

log_const_area  0x00000000000051b8        0x0
                0x00000000000051b8                _log_const_list_start = .
 *(SORT_BY_NAME(SORT_BY_ALIGNMENT(._log_const.static.*)))
                0x00000000000051b8                _log_const_list_end = .

log_backend_area
                0x00000000000051b8        0x0
                0x00000000000051b8                _log_backend_list_start = .
 *(SORT_BY_NAME(SORT_BY_ALIGNMENT(._log_backend.static.*)))
                0x00000000000051b8                _log_backend_list_end = .

log_link_area   0x00000000000051b8        0x0
                0x00000000000051b8                _log_link_list_start = .
 *(SORT_BY_NAME(SORT_BY_ALIGNMENT(._log_link.static.*)))
                0x00000000000051b8                _log_link_list_end = .

tracing_backend_area
                0x00000000000051b8        0x0
                0x00000000000051b8                _tracing_backend_list_start = .
 *(SORT_BY_NAME(SORT_BY_ALIGNMENT(._tracing_backend.static.*)))
                0x00000000000051b8                _tracing_backend_list_end = .

zephyr_dbg_info
 *(SORT_BY_ALIGNMENT(.dbg_thread_info))

intc_table_area
                0x00000000000051b8        0x0
                0x00000000000051b8                _intc_table_list_start = .
 *(SORT_BY_NAME(SORT_BY_ALIGNMENT(._intc_table.static.*)))
                0x00000000000051b8                _intc_table_list_end = .

symbol_to_keep  0x00000000000051b8        0x0
                0x00000000000051b8                __symbol_to_keep_start = .
 *(SORT_BY_NAME(SORT_BY_ALIGNMENT(.symbol_to_keep*)))
                0x00000000000051b8                __symbol_to_keep_end = .

shell_area      0x00000000000051b8        0x0
                0x00000000000051b8                _shell_list_start = .
 *(SORT_BY_NAME(SORT_BY_ALIGNMENT(._shell.static.*)))
                0x00000000000051b8                _shell_list_end = .

shell_root_cmds_area
                0x00000000000051b8        0x0
                0x00000000000051b8                _shell_root_cmds_list_start = .
 *(SORT_BY_NAME(SORT_BY_ALIGNMENT(._shell_root_cmds.static.*)))
                0x00000000000051b8                _shell_root_cmds_list_end = .

shell_subcmds_area
                0x00000000000051b8        0x0
                0x00000000000051b8                _shell_subcmds_list_start = .
 *(SORT_BY_NAME(SORT_BY_ALIGNMENT(._shell_subcmds.static.*)))
                0x00000000000051b8                _shell_subcmds_list_end = .

shell_dynamic_subcmds_area
                0x00000000000051b8        0x0
                0x00000000000051b8                _shell_dynamic_subcmds_list_start = .
 *(SORT_BY_NAME(SORT_BY_ALIGNMENT(._shell_dynamic_subcmds.static.*)))
                0x00000000000051b8                _shell_dynamic_subcmds_list_end = .

cfb_font_area   0x00000000000051b8        0x0
                0x00000000000051b8                _cfb_font_list_start = .
 *(SORT_BY_NAME(SORT_BY_ALIGNMENT(._cfb_font.static.*)))
                0x00000000000051b8                _cfb_font_list_end = .

tdata           0x00000000000051b8        0x0
 *(SORT_BY_ALIGNMENT(.tdata) SORT_BY_ALIGNMENT(.tdata.*) SORT_BY_ALIGNMENT(.gnu.linkonce.td.*))

tbss            0x00000000000051b8        0x4
 *(SORT_BY_ALIGNMENT(.tbss) SORT_BY_ALIGNMENT(.tbss.*) SORT_BY_ALIGNMENT(.gnu.linkonce.tb.*) SORT_BY_ALIGNMENT(.tcommon))
 .tbss.z_tls_current
                0x00000000000051b8        0x4 zephyr/libzephyr.a(thread_entry.c.obj)
                0x00000000000051b8                z_tls_current
                0x00000000000051b8                PROVIDE (__tdata_start = LOADADDR (tdata))
                0x0000000000000001                PROVIDE (__tdata_align = ALIGNOF (tdata))
                0x0000000000000000                PROVIDE (__tdata_size = (((SIZEOF (tdata) + __tdata_align) - 0x1) & ~ ((__tdata_align - 0x1))))
                [!provide]                        PROVIDE (__tdata_end = (__tdata_start + __tdata_size))
                0x0000000000000004                PROVIDE (__tbss_align = ALIGNOF (tbss))
                [!provide]                        PROVIDE (__tbss_start = ADDR (tbss))
                0x0000000000000004                PROVIDE (__tbss_size = (((SIZEOF (tbss) + __tbss_align) - 0x1) & ~ ((__tbss_align - 0x1))))
                [!provide]                        PROVIDE (__tbss_end = (__tbss_start + __tbss_size))